ARM Linker, 5.03 [Build 76] [MDK-ARM Lite]

==============================================================================

Section Cross References

    main.o(i.UART_Init) refers to sysctl.o(i.SysCtlPeripheralEnable) for SysCtlPeripheralEnable
    main.o(i.UART_Init) refers to gpio.o(i.GPIOPinConfigure) for GPIOPinConfigure
    main.o(i.UART_Init) refers to gpio.o(i.GPIOPinTypeUART) for GPIOPinTypeUART
    main.o(i.UART_Init) refers to uartstdio.o(i.UARTStdioConfig) for UARTStdioConfig
    main.o(i.main) refers to board.o(i.initClk) for initClk
    main.o(i.main) refers to st7735.o(i.ST7735_InitR) for ST7735_InitR
    main.o(i.main) refers to led.o(i.LED_Init) for LED_Init
    main.o(i.main) refers to adcswtrigger.o(i.ADC0_InitSWTriggerSeq1_Ch9) for ADC0_InitSWTriggerSeq1_Ch9
    main.o(i.main) refers to st7735.o(i.ST7735_OutString) for ST7735_OutString
    main.o(i.main) refers to cc3100.o(i.getConnected) for getConnected
    main.o(i.main) refers to cc3100.o(i.sendRequest) for sendRequest
    main.o(i.main) refers to led.o(i.Board_Input) for Board_Input
    main.o(i.main) refers to led.o(i.LED_GreenOff) for LED_GreenOff
    main.o(i.main) refers to main.o(.constdata) for .constdata
    board.o(i.CC3100_InterruptDisable) refers to gpio.o(i.GPIOIntDisable) for GPIOIntDisable
    board.o(i.CC3100_InterruptEnable) refers to gpio.o(i.GPIOIntEnable) for GPIOIntEnable
    board.o(i.CC3100_disable) refers to gpio.o(i.GPIOPinWrite) for GPIOPinWrite
    board.o(i.CC3100_enable) refers to gpio.o(i.GPIOPinWrite) for GPIOPinWrite
    board.o(i.Delay) refers to sysctl.o(i.SysCtlClockGet) for SysCtlClockGet
    board.o(i.Delay) refers to sysctl.o(.emb_text) for SysCtlDelay
    board.o(i.GPIOB_intHandler) refers to gpio.o(i.GPIOIntStatus) for GPIOIntStatus
    board.o(i.GPIOB_intHandler) refers to gpio.o(i.GPIOIntClear) for GPIOIntClear
    board.o(i.GPIOB_intHandler) refers to board.o(.data) for .data
    board.o(i.MaskIntHdlr) refers to board.o(.data) for .data
    board.o(i.UART1_intHandler) refers to uart.o(i.UARTIntStatus) for UARTIntStatus
    board.o(i.UART1_intHandler) refers to uart.o(i.UARTIntClear) for UARTIntClear
    board.o(i.UnMaskIntHdlr) refers to board.o(.data) for .data
    board.o(i.initClk) refers to fpu.o(i.FPUEnable) for FPUEnable
    board.o(i.initClk) refers to fpu.o(i.FPULazyStackingEnable) for FPULazyStackingEnable
    board.o(i.initClk) refers to sysctl.o(i.SysCtlClockSet) for SysCtlClockSet
    board.o(i.registerInterruptHandler) refers to board.o(.data) for .data
    nokia5110.o(i.Nokia5110_Clear) refers to nokia5110.o(i.lcdwrite) for lcdwrite
    nokia5110.o(i.Nokia5110_Clear) refers to nokia5110.o(i.Nokia5110_SetCursor) for Nokia5110_SetCursor
    nokia5110.o(i.Nokia5110_ClearBuffer) refers to nokia5110.o(.bss) for .bss
    nokia5110.o(i.Nokia5110_ClrPxl) refers to nokia5110.o(.bss) for .bss
    nokia5110.o(i.Nokia5110_ClrPxl) refers to nokia5110.o(.constdata) for .constdata
    nokia5110.o(i.Nokia5110_DisplayBuffer) refers to nokia5110.o(i.Nokia5110_DrawFullImage) for Nokia5110_DrawFullImage
    nokia5110.o(i.Nokia5110_DisplayBuffer) refers to nokia5110.o(.bss) for .bss
    nokia5110.o(i.Nokia5110_DrawFullImage) refers to nokia5110.o(i.Nokia5110_SetCursor) for Nokia5110_SetCursor
    nokia5110.o(i.Nokia5110_DrawFullImage) refers to nokia5110.o(i.lcdwrite) for lcdwrite
    nokia5110.o(i.Nokia5110_Init) refers to nokia5110.o(i.lcdwrite) for lcdwrite
    nokia5110.o(i.Nokia5110_OutChar) refers to nokia5110.o(i.lcdwrite) for lcdwrite
    nokia5110.o(i.Nokia5110_OutChar) refers to nokia5110.o(i.Nokia5110_SetCursor) for Nokia5110_SetCursor
    nokia5110.o(i.Nokia5110_OutChar) refers to nokia5110.o(.data) for .data
    nokia5110.o(i.Nokia5110_OutChar) refers to nokia5110.o(.constdata) for .constdata
    nokia5110.o(i.Nokia5110_OutString) refers to nokia5110.o(i.Nokia5110_OutChar) for Nokia5110_OutChar
    nokia5110.o(i.Nokia5110_OutUDec) refers to nokia5110.o(i.Nokia5110_OutString) for Nokia5110_OutString
    nokia5110.o(i.Nokia5110_OutUDec) refers to nokia5110.o(i.Nokia5110_OutChar) for Nokia5110_OutChar
    nokia5110.o(i.Nokia5110_PrintBMP) refers to nokia5110.o(.bss) for .bss
    nokia5110.o(i.Nokia5110_SetCursor) refers to nokia5110.o(i.lcdwrite) for lcdwrite
    nokia5110.o(i.Nokia5110_SetCursor) refers to nokia5110.o(.data) for .data
    nokia5110.o(i.Nokia5110_SetPxl) refers to nokia5110.o(.bss) for .bss
    nokia5110.o(i.Nokia5110_SetPxl) refers to nokia5110.o(.constdata) for .constdata
    device.o(i._SlDrvDeviceEventHandler) refers to device.o(i._sl_HandleAsync_InitComplete) for _sl_HandleAsync_InitComplete
    device.o(i._SlDrvDeviceEventHandler) refers to device.o(i._sl_HandleAsync_Stop) for _sl_HandleAsync_Stop
    device.o(i._sl_HandleAsync_InitComplete) refers to nonos.o(i._SlNonOsSemGet) for _SlNonOsSemGet
[...]

    Removing main.o(i.UART_Init), (68 bytes).
    Removing board.o(i.Delay), (26 bytes).
    Removing board.o(i.MaskIntHdlr), (12 bytes).
    Removing board.o(i.UART1_intHandler), (28 bytes).
    Removing board.o(i.UnMaskIntHdlr), (12 bytes).
    Removing board.o(i.stopWDT), (2 bytes).
    Removing nokia5110.o(i.Nokia5110_Clear), (34 bytes).
    Removing nokia5110.o(i.Nokia5110_ClearBuffer), (24 bytes).
    Removing nokia5110.o(i.Nokia5110_ClrPxl), (44 bytes).
    Removing nokia5110.o(i.Nokia5110_DisplayBuffer), (12 bytes).
    Removing nokia5110.o(i.Nokia5110_DrawFullImage), (34 bytes).
    Removing nokia5110.o(i.Nokia5110_Init), (292 bytes).
    Removing nokia5110.o(i.Nokia5110_OutChar), (128 bytes).
    Removing nokia5110.o(i.Nokia5110_OutString), (20 bytes).
    Removing nokia5110.o(i.Nokia5110_OutUDec), (172 bytes).
    Removing nokia5110.o(i.Nokia5110_PrintBMP), (272 bytes).
    Removing nokia5110.o(i.Nokia5110_SetCursor), (52 bytes).
    Removing nokia5110.o(i.Nokia5110_SetPxl), (44 bytes).
    Removing nokia5110.o(i.lcdwrite), (52 bytes).
    Removing nokia5110.o(.bss), (504 bytes).
    Removing nokia5110.o(.constdata), (488 bytes).
    Removing nokia5110.o(.data), (8 bytes).
    Removing led.o(i.LED_BlueToggle), (16 bytes).
    Removing led.o(i.LED_GreenToggle), (16 bytes).
    Removing led.o(i.LED_RedOff), (12 bytes).
    Removing led.o(i.LED_RedOn), (12 bytes).
    Removing device.o(i.sl_DevSet), (64 bytes).
    Removing device.o(i.sl_EventMaskGet), (32 bytes).
    Removing device.o(i.sl_EventMaskSet), (32 bytes).
    Removing device.o(i.sl_Task), (4 bytes).
    Removing fs.o(i._GetCreateFsMode), (84 bytes).
    Removing fs.o(i.sl_FsClose), (104 bytes).
    Removing fs.o(i.sl_FsDel), (64 bytes).
    Removing fs.o(i.sl_FsGetInfo), (96 bytes).
    Removing fs.o(i.sl_FsOpen), (88 bytes).
    Removing fs.o(i.sl_FsRead), (140 bytes).
    Removing fs.o(i.sl_FsWrite), (140 bytes).
    Removing fs.o(i.sl_Strlen), (22 bytes).
    Removing fs.o(.constdata), (44 bytes).
    Removing netapp.o(i._sl_HandleAsync_DnsGetHostByAddr), (2 bytes).
    Removing netapp.o(i.sl_NetAppDnsGetHostByService), (196 bytes).
    Removing netapp.o(i.sl_NetAppGet), (96 bytes).
    Removing netapp.o(i.sl_NetAppGetServiceList), (104 bytes).
    Removing netapp.o(i.sl_NetAppMDNSRegisterService), (24 bytes).
    Removing netapp.o(i.sl_NetAppPingStart), (272 bytes).
    Removing netapp.o(i.sl_NetAppSet), (64 bytes).
    Removing netapp.o(i.sl_NetAppStart), (28 bytes).
    Removing netapp.o(i.sl_NetAppStop), (28 bytes).
    Removing netcfg.o(i.sl_NetCfgGet), (108 bytes).
    Removing socket.o(i.SL_FD_CLR), (16 bytes).
    Removing socket.o(i.SL_FD_ISSET), (22 bytes).
    Removing socket.o(i.SL_FD_SET), (16 bytes).
    Removing socket.o(i.SL_FD_ZERO), (6 bytes).
    Removing socket.o(i._sl_ParseAddress), (50 bytes).
    Removing socket.o(i.sl_Accept), (264 bytes).
    Removing socket.o(i.sl_Bind), (96 bytes).
    Removing socket.o(i.sl_GetSockOpt), (112 bytes).
    Removing socket.o(i.sl_Listen), (36 bytes).
    Removing socket.o(i.sl_RecvFrom), (164 bytes).
    Removing socket.o(i.sl_Select), (272 bytes).
    Removing socket.o(i.sl_SendTo), (174 bytes).
    Removing socket.o(i.sl_SetSockOpt), (64 bytes).
    Removing startup_rvmdk.o(HEAP), (0 bytes).
    Removing startup_rvmdk.o(.text), (0 bytes).
    Removing wlan.o(i.sl_WlanGet), (116 bytes).
    Removing wlan.o(i.sl_WlanGetNetworkList), (68 bytes).
    Removing wlan.o(i.sl_WlanPolicyGet), (116 bytes).
    Removing wlan.o(i.sl_WlanProfileAdd), (436 bytes).
    Removing wlan.o(i.sl_WlanProfileGet), (172 bytes).
    Removing wlan.o(i.sl_WlanRxFilterAdd), (88 bytes).
    Removing wlan.o(i.sl_WlanRxFilterGet), (84 bytes).
    Removing wlan.o(i.sl_WlanRxFilterSet), (52 bytes).
    Removing wlan.o(i.sl_WlanRxStatGet), (40 bytes).
    Removing wlan.o(i.sl_WlanRxStatStart), (8 bytes).
    Removing wlan.o(i.sl_WlanRxStatStop), (8 bytes).
    Removing wlan.o(i.sl_WlanSmartConfigStart), (108 bytes).
    Removing wlan.o(i.sl_WlanSmartConfigStop), (8 bytes).
    Removing uartstdio.o(i.GetBufferCount), (18 bytes).
    Removing uartstdio.o(i.UARTEchoSet), (16 bytes).
    Removing uartstdio.o(i.UARTFlushRx), (40 bytes).
    Removing uartstdio.o(i.UARTFlushTx), (56 bytes).
    Removing uartstdio.o(i.UARTOutString), (52 bytes).
    Removing uartstdio.o(i.UARTPeek), (60 bytes).
    Removing uartstdio.o(i.UARTRxBytesAvail), (16 bytes).
    Removing uartstdio.o(i.UARTStdioConfig), (152 bytes).
    Removing uartstdio.o(i.UARTTxBytesFree), (24 bytes).
    Removing uartstdio.o(i.UARTgetc), (44 bytes).
    Removing uartstdio.o(i.UARTgets), (100 bytes).
    Removing uartstdio.o(i.UARTprintf), (18 bytes).
    Removing uartstdio.o(i.UARTvprintf), (436 bytes).
    Removing ustdlib.o(i.ucmptime), (82 bytes).
    Removing ustdlib.o(i.ulocaltime), (168 bytes).
    Removing ustdlib.o(i.umktime), (58 bytes).
    Removing ustdlib.o(i.urand), (28 bytes).
    Removing ustdlib.o(i.usnprintf), (18 bytes).
    Removing ustdlib.o(i.usprintf), (22 bytes).
    Removing ustdlib.o(i.usrand), (12 bytes).
    Removing ustdlib.o(i.ustrcasecmp), (8 bytes).
    Removing ustdlib.o(i.ustrcmp), (8 bytes).
    Removing ustdlib.o(i.ustrlen), (16 bytes).
    Removing ustdlib.o(i.ustrncasecmp), (70 bytes).
    Removing ustdlib.o(i.ustrncmp), (46 bytes).
    Removing ustdlib.o(i.ustrncpy), (34 bytes).
    Removing ustdlib.o(i.ustrstr), (42 bytes).
    Removing ustdlib.o(i.ustrtof), (320 bytes).
    Removing ustdlib.o(i.ustrtoul), (154 bytes).
    Removing ustdlib.o(i.uvsnprintf), (592 bytes).
    Removing ustdlib.o(.constdata), (76 bytes).
    Removing ustdlib.o(.conststring), (17 bytes).
    Removing ustdlib.o(.data), (4 bytes).
    Removing st7735.o(i.Output_Clear), (6 bytes).
    Removing st7735.o(i.Output_Color), (12 bytes).
    Removing st7735.o(i.Output_Init), (18 bytes).
    Removing st7735.o(i.Output_Off), (6 bytes).
    Removing st7735.o(i.Output_On), (4 bytes).
    Removing st7735.o(i.ST7735_Color565), (20 bytes).
    Removing st7735.o(i.ST7735_DrawBitmap), (232 bytes).
    Removing st7735.o(i.ST7735_DrawChar), (200 bytes).
    Removing st7735.o(i.ST7735_DrawFastHLine), (84 bytes).
    Removing st7735.o(i.ST7735_DrawFastVLine), (84 bytes).
    Removing st7735.o(i.ST7735_InitB), (44 bytes).
    Removing st7735.o(i.ST7735_InvertDisplay), (12 bytes).
    Removing st7735.o(i.ST7735_PlotBar), (60 bytes).
    Removing st7735.o(i.ST7735_PlotClear), (60 bytes).
    Removing st7735.o(i.ST7735_PlotLine), (204 bytes).
    Removing st7735.o(i.ST7735_PlotNext), (24 bytes).
    Removing st7735.o(i.ST7735_PlotNextErase), (52 bytes).
    Removing st7735.o(i.ST7735_PlotPoint), (120 bytes).
    Removing st7735.o(i.ST7735_PlotPoints), (128 bytes).
    Removing st7735.o(i.ST7735_PlotdBfs), (52 bytes).
    Removing st7735.o(i.ST7735_SetRotation), (116 bytes).
    Removing st7735.o(i.ST7735_SetTextColor), (12 bytes).
    Removing st7735.o(i.ST7735_SwapColor), (16 bytes).
    Removing st7735.o(i.ferror), (6 bytes).
    Removing st7735.o(i.fgetc), (4 bytes).
    Removing st7735.o(i.fputc), (12 bytes).
    Removing cc3100.o(i.SimpleLinkGeneralEventHandler), (2 bytes).
    Removing cc3100.o(i.SimpleLinkSockEventHandler), (2 bytes).
    Removing cc3100.o(i.push_Request), (100 bytes).
    Removing cc3100.o(.data), (7 bytes).
    Removing timer1.o(i.Timer1A_Handler), (12 bytes).
    Removing timer1.o(i.Timer1_Init), (80 bytes).
    Removing timer1.o(i.Timer1_StartWatch), (20 bytes).
    Removing timer1.o(i.Timer1_StopWatch), (20 bytes).
    Removing timer1.o(.data), (4 bytes).
    Removing fpu.o(i.FPUDisable), (16 bytes).
    Removing fpu.o(i.FPUFlushToZeroModeSet), (20 bytes).
    Removing fpu.o(i.FPUHalfPrecisionModeSet), (20 bytes).
    Removing fpu.o(i.FPUNaNModeSet), (20 bytes).
    Removing fpu.o(i.FPURoundingModeSet), (20 bytes).
    Removing fpu.o(i.FPUStackingDisable), (16 bytes).
    Removing fpu.o(i.FPUStackingEnable), (20 bytes).
    Removing gpio.o(i.GPIOADCTriggerDisable), (14 bytes).
    Removing gpio.o(i.GPIOADCTriggerEnable), (14 bytes).
    Removing gpio.o(i.GPIODMATriggerDisable), (14 bytes).
    Removing gpio.o(i.GPIODMATriggerEnable), (14 bytes).
    Removing gpio.o(i.GPIODirModeGet), (34 bytes).
    Removing gpio.o(i.GPIOIntRegister), (88 bytes).
    Removing gpio.o(i.GPIOIntTypeGet), (68 bytes).
    Removing gpio.o(i.GPIOIntUnregister), (88 bytes).
    Removing gpio.o(i.GPIOPadConfigGet), (204 bytes).
    Removing gpio.o(i.GPIOPinRead), (6 bytes).
    Removing gpio.o(i.GPIOPinTypeADC), (28 bytes).
    Removing gpio.o(i.GPIOPinTypeCAN), (28 bytes).
    Removing gpio.o(i.GPIOPinTypeCIR), (28 bytes).
    Removing gpio.o(i.GPIOPinTypeComparator), (28 bytes).
    Removing gpio.o(i.GPIOPinTypeEPI), (28 bytes).
    Removing gpio.o(i.GPIOPinTypeEthernetLED), (28 bytes).
    Removing gpio.o(i.GPIOPinTypeEthernetMII), (28 bytes).
    Removing gpio.o(i.GPIOPinTypeGPIOOutputOD), (28 bytes).
    Removing gpio.o(i.GPIOPinTypeI2C), (28 bytes).
    Removing gpio.o(i.GPIOPinTypeI2CSCL), (28 bytes).
    Removing gpio.o(i.GPIOPinTypeKBColumn), (28 bytes).
    Removing gpio.o(i.GPIOPinTypeKBRow), (28 bytes).
    Removing gpio.o(i.GPIOPinTypeLCD), (28 bytes).
    Removing gpio.o(i.GPIOPinTypeLEDSeq), (28 bytes).
    Removing gpio.o(i.GPIOPinTypeLPC), (28 bytes).
    Removing gpio.o(i.GPIOPinTypePECIRx), (28 bytes).
    Removing gpio.o(i.GPIOPinTypePECITx), (28 bytes).
    Removing gpio.o(i.GPIOPinTypePWM), (28 bytes).
    Removing gpio.o(i.GPIOPinTypeQEI), (28 bytes).
    Removing gpio.o(i.GPIOPinTypeTimer), (28 bytes).
    Removing gpio.o(i.GPIOPinTypeUART), (28 bytes).
    Removing gpio.o(i.GPIOPinTypeUSBAnalog), (28 bytes).
    Removing gpio.o(i.GPIOPinTypeUSBDigital), (28 bytes).
    Removing gpio.o(i.GPIOPinTypeWakeHigh), (30 bytes).
    Removing gpio.o(i.GPIOPinTypeWakeLow), (30 bytes).
    Removing gpio.o(i.GPIOPinWakeStatus), (6 bytes).
    Removing interrupt.o(i.IntDisable), (100 bytes).
    Removing interrupt.o(i.IntIsEnabled), (96 bytes).
    Removing interrupt.o(i.IntMasterDisable), (14 bytes).
    Removing interrupt.o(i.IntPendClear), (68 bytes).
    Removing interrupt.o(i.IntPendSet), (84 bytes).
    Removing interrupt.o(i.IntPriorityGet), (28 bytes).
    Removing interrupt.o(i.IntPriorityGroupingGet), (36 bytes).
    Removing interrupt.o(i.IntPriorityGroupingSet), (28 bytes).
    Removing interrupt.o(i.IntPriorityMaskGet), (4 bytes).
    Removing interrupt.o(i.IntPriorityMaskSet), (4 bytes).
    Removing interrupt.o(i.IntPrioritySet), (40 bytes).
    Removing interrupt.o(i.IntRegister), (52 bytes).
    Removing interrupt.o(i.IntTrigger), (12 bytes).
    Removing interrupt.o(i.IntUnregister), (20 bytes).
    Removing interrupt.o(i._IntDefaultHandler), (2 bytes).
    Removing interrupt.o(vtable), (620 bytes).
    Removing ssi.o(i.SSIAdvDataPutFrameEnd), (20 bytes).
    Removing ssi.o(i.SSIAdvDataPutFrameEndNonBlocking), (26 bytes).
    Removing ssi.o(i.SSIAdvFrameHoldDisable), (10 bytes).
    Removing ssi.o(i.SSIAdvFrameHoldEnable), (10 bytes).
    Removing ssi.o(i.SSIAdvModeSet), (12 bytes).
    Removing ssi.o(i.SSIBusy), (8 bytes).
    Removing ssi.o(i.SSIClockSourceGet), (6 bytes).
    Removing ssi.o(i.SSIClockSourceSet), (6 bytes).
    Removing ssi.o(i.SSIDMADisable), (10 bytes).
    Removing ssi.o(i.SSIDMAEnable), (8 bytes).
    Removing ssi.o(i.SSIDataGet), (14 bytes).
    Removing ssi.o(i.SSIDataPut), (12 bytes).
    Removing ssi.o(i.SSIDisable), (10 bytes).
    Removing ssi.o(i.SSIIntClear), (4 bytes).
    Removing ssi.o(i.SSIIntDisable), (10 bytes).
    Removing ssi.o(i.SSIIntEnable), (8 bytes).
    Removing ssi.o(i.SSIIntRegister), (88 bytes).
    Removing ssi.o(i.SSIIntStatus), (10 bytes).
    Removing ssi.o(i.SSIIntUnregister), (88 bytes).
    Removing ssi.o(.constdata), (64 bytes).
    Removing sysctl.o(i.SysCtlAltClkConfig), (12 bytes).
    Removing sysctl.o(i.SysCtlClockFreqSet), (712 bytes).
    Removing sysctl.o(i.SysCtlClockOutConfig), (16 bytes).
    Removing sysctl.o(i.SysCtlDeepSleep), (32 bytes).
    Removing sysctl.o(i.SysCtlDeepSleepClockConfigSet), (112 bytes).
    Removing sysctl.o(i.SysCtlDeepSleepClockSet), (12 bytes).
    Removing sysctl.o(i.SysCtlDeepSleepPowerSet), (12 bytes).
    Removing sysctl.o(i.SysCtlFlashSectorSizeGet), (56 bytes).
    Removing sysctl.o(i.SysCtlFlashSizeGet), (56 bytes).
    Removing sysctl.o(i.SysCtlGPIOAHBDisable), (28 bytes).
    Removing sysctl.o(i.SysCtlGPIOAHBEnable), (24 bytes).
    Removing sysctl.o(i.SysCtlIntClear), (12 bytes).
    Removing sysctl.o(i.SysCtlIntDisable), (16 bytes).
    Removing sysctl.o(i.SysCtlIntEnable), (16 bytes).
    Removing sysctl.o(i.SysCtlIntRegister), (20 bytes).
    Removing sysctl.o(i.SysCtlIntStatus), (16 bytes).
    Removing sysctl.o(i.SysCtlIntUnregister), (18 bytes).
    Removing sysctl.o(i.SysCtlLDODeepSleepGet), (12 bytes).
    Removing sysctl.o(i.SysCtlLDODeepSleepSet), (12 bytes).
    Removing sysctl.o(i.SysCtlLDOSleepGet), (12 bytes).
    Removing sysctl.o(i.SysCtlLDOSleepSet), (12 bytes).
    Removing sysctl.o(i.SysCtlMOSCConfigSet), (12 bytes).
    Removing sysctl.o(i.SysCtlNMIClear), (16 bytes).
    Removing sysctl.o(i.SysCtlNMIStatus), (12 bytes).
    Removing sysctl.o(i.SysCtlPIOSCCalibrate), (76 bytes).
    Removing sysctl.o(i.SysCtlPWMClockGet), (24 bytes).
    Removing sysctl.o(i.SysCtlPWMClockSet), (20 bytes).
    Removing sysctl.o(i.SysCtlPeripheralClockGating), (68 bytes).
    Removing sysctl.o(i.SysCtlPeripheralDeepSleepDisable), (40 bytes).
    Removing sysctl.o(i.SysCtlPeripheralDeepSleepEnable), (40 bytes).
    Removing sysctl.o(i.SysCtlPeripheralDisable), (40 bytes).
    Removing sysctl.o(i.SysCtlPeripheralPowerOff), (40 bytes).
    Removing sysctl.o(i.SysCtlPeripheralPowerOn), (40 bytes).
    Removing sysctl.o(i.SysCtlPeripheralPresent), (44 bytes).
    Removing sysctl.o(i.SysCtlPeripheralReady), (44 bytes).
    Removing sysctl.o(i.SysCtlPeripheralReset), (60 bytes).
    Removing sysctl.o(i.SysCtlPeripheralSleepDisable), (40 bytes).
    Removing sysctl.o(i.SysCtlPeripheralSleepEnable), (40 bytes).
    Removing sysctl.o(i.SysCtlReset), (16 bytes).
    Removing sysctl.o(i.SysCtlResetBehaviorGet), (12 bytes).
    Removing sysctl.o(i.SysCtlResetBehaviorSet), (12 bytes).
    Removing sysctl.o(i.SysCtlResetCauseClear), (16 bytes).
    Removing sysctl.o(i.SysCtlResetCauseGet), (12 bytes).
    Removing sysctl.o(i.SysCtlSRAMSizeGet), (16 bytes).
    Removing sysctl.o(i.SysCtlSleep), (4 bytes).
    Removing sysctl.o(i.SysCtlSleepPowerSet), (12 bytes).
    Removing sysctl.o(i.SysCtlUSBPLLDisable), (16 bytes).
    Removing sysctl.o(i.SysCtlUSBPLLEnable), (16 bytes).
    Removing sysctl.o(i.SysCtlVoltageEventClear), (16 bytes).
    Removing sysctl.o(i.SysCtlVoltageEventConfig), (12 bytes).
    Removing sysctl.o(i.SysCtlVoltageEventStatus), (12 bytes).
    Removing uart.o(i.UART9BitAddrSend), (38 bytes).
    Removing uart.o(i.UART9BitAddrSet), (10 bytes).
    Removing uart.o(i.UART9BitDisable), (14 bytes).
    Removing uart.o(i.UART9BitEnable), (14 bytes).
    Removing uart.o(i.UARTBreakCtl), (18 bytes).
    Removing uart.o(i.UARTBusy), (8 bytes).
    Removing uart.o(i.UARTCharGet), (12 bytes).
    Removing uart.o(i.UARTCharGetNonBlocking), (16 bytes).
    Removing uart.o(i.UARTCharPut), (12 bytes).
    Removing uart.o(i.UARTCharPutNonBlocking), (16 bytes).
    Removing uart.o(i.UARTCharsAvail), (10 bytes).
    Removing uart.o(i.UARTClockSourceGet), (6 bytes).
    Removing uart.o(i.UARTClockSourceSet), (6 bytes).
    Removing uart.o(i.UARTConfigGetExpClk), (46 bytes).
    Removing uart.o(i.UARTConfigSetExpClk), (110 bytes).
    Removing uart.o(i.UARTDMADisable), (10 bytes).
    Removing uart.o(i.UARTDMAEnable), (8 bytes).
    Removing uart.o(i.UARTDisable), (30 bytes).
    Removing uart.o(i.UARTDisableSIR), (10 bytes).
    Removing uart.o(i.UARTEnable), (20 bytes).
    Removing uart.o(i.UARTEnableSIR), (18 bytes).
    Removing uart.o(i.UARTFIFODisable), (10 bytes).
    Removing uart.o(i.UARTFIFOEnable), (10 bytes).
    Removing uart.o(i.UARTFIFOLevelGet), (16 bytes).
    Removing uart.o(i.UARTFIFOLevelSet), (6 bytes).
    Removing uart.o(i.UARTFlowControlGet), (8 bytes).
    Removing uart.o(i.UARTFlowControlSet), (12 bytes).
    Removing uart.o(i.UARTIntClear), (4 bytes).
    Removing uart.o(i.UARTIntDisable), (10 bytes).
    Removing uart.o(i.UARTIntEnable), (8 bytes).
    Removing uart.o(i.UARTIntRegister), (88 bytes).
    Removing uart.o(i.UARTIntStatus), (10 bytes).
    Removing uart.o(i.UARTIntUnregister), (88 bytes).
    Removing uart.o(i.UARTModemControlClear), (14 bytes).
    Removing uart.o(i.UARTModemControlGet), (8 bytes).
    Removing uart.o(i.UARTModemControlSet), (12 bytes).
    Removing uart.o(i.UARTModemStatusGet), (10 bytes).
    Removing uart.o(i.UARTParityModeGet), (8 bytes).
    Removing uart.o(i.UARTParityModeSet), (12 bytes).
    Removing uart.o(i.UARTRxErrorClear), (6 bytes).
    Removing uart.o(i.UARTRxErrorGet), (8 bytes).
    Removing uart.o(i.UARTSmartCardDisable), (10 bytes).
    Removing uart.o(i.UARTSmartCardEnable), (22 bytes).
    Removing uart.o(i.UARTSpaceAvail), (10 bytes).
    Removing uart.o(i.UARTTxIntModeGet), (8 bytes).
    Removing uart.o(i.UARTTxIntModeSet), (12 bytes).
    Removing uart.o(.constdata), (128 bytes).

322 unused section(s) (total 17492 bytes) removed from the image.

==============================================================================

Image Symbol Table

    Local Symbols

    Symbol Name                              Value     Ov Type        Size  Object(Section)

    RESET                                    0x00000000   Section      648  startup_rvmdk.o(RESET)
    ../clib/microlib/init/entry.s            0x00000000   Number         0  entry7b.o ABSOLUTE
    ../clib/microlib/init/entry.s            0x00000000   Number         0  entry2.o ABSOLUTE
    ../clib/microlib/init/entry.s            0x00000000   Number         0  entry5.o ABSOLUTE
    ../clib/microlib/init/entry.s            0x00000000   Number         0  entry.o ABSOLUTE
    ../clib/microlib/init/entry.s            0x00000000   Number         0  entry11b.o ABSOLUTE
    ../clib/microlib/init/entry.s            0x00000000   Number         0  entry11a.o ABSOLUTE
    ../clib/microlib/init/entry.s            0x00000000   Number         0  entry10b.o ABSOLUTE
    ../clib/microlib/init/entry.s            0x00000000   Number         0  entry8b.o ABSOLUTE
    ../clib/microlib/init/entry.s            0x00000000   Number         0  entry10a.o ABSOLUTE
    ../clib/microlib/init/entry.s            0x00000000   Number         0  entry9b.o ABSOLUTE
    ../clib/microlib/init/entry.s            0x00000000   Number         0  entry9a.o ABSOLUTE
    ../clib/microlib/init/entry.s            0x00000000   Number         0  entry8a.o ABSOLUTE
    ../clib/microlib/init/entry.s            0x00000000   Number         0  entry7a.o ABSOLUTE
    ../clib/microlib/string/memcpy.c         0x00000000   Number         0  memcpyb.o ABSOLUTE
    ../clib/microlib/string/memcpy.c         0x00000000   Number         0  memcpya.o ABSOLUTE
    ../clib/microlib/string/memset.c         0x00000000   Number         0  memseta.o ABSOLUTE
    ../clib/microlib/string/strcpy.c         0x00000000   Number         0  strcpy.o ABSOLUTE
    ../clib/microlib/string/strlen.c         0x00000000   Number         0  strlen.o ABSOLUTE
    ..\cc3100\platform\ek-tm4c123gxl\board.c 0x00000000   Number         0  board.o ABSOLUTE
    ..\cc3100\platform\ek-tm4c123gxl\spi.c   0x00000000   Number         0  spi.o ABSOLUTE
    ..\cc3100\platform\ek-tm4c123gxl\uart.c  0x00000000   Number         0  uart.o ABSOLUTE
    ..\cc3100\simplelink\source\device.c     0x00000000   Number         0  device.o ABSOLUTE
    ..\cc3100\simplelink\source\driver.c     0x00000000   Number         0  driver.o ABSOLUTE
    ..\cc3100\simplelink\source\flowcont.c   0x00000000   Number         0  flowcont.o ABSOLUTE
    ..\cc3100\simplelink\source\fs.c         0x00000000   Number         0  fs.o ABSOLUTE
    ..\cc3100\simplelink\source\netapp.c     0x00000000   Number         0  netapp.o ABSOLUTE
    ..\cc3100\simplelink\source\netcfg.c     0x00000000   Number         0  netcfg.o ABSOLUTE
    ..\cc3100\simplelink\source\nonos.c      0x00000000   Number         0  nonos.o ABSOLUTE
    ..\cc3100\simplelink\source\socket.c     0x00000000   Number         0  socket.o ABSOLUTE
    ..\cc3100\simplelink\source\spawn.c      0x00000000   Number         0  spawn.o ABSOLUTE
    ..\cc3100\simplelink\source\wlan.c       0x00000000   Number         0  wlan.o ABSOLUTE
    ..\utils\uartstdio.c                     0x00000000   Number         0  uartstdio.o ABSOLUTE
    ..\utils\ustdlib.c                       0x00000000   Number         0  ustdlib.o ABSOLUTE
    ADCSWTrigger.c                           0x00000000   Number         0  adcswtrigger.o ABSOLUTE
    CC3100.c                                 0x00000000   Number         0  cc3100.o ABSOLUTE
    LED.c                                    0x00000000   Number         0  led.o ABSOLUTE
    Nokia5110.c                              0x00000000   Number         0  nokia5110.o ABSOLUTE
    ST7735.c                                 0x00000000   Number         0  st7735.o ABSOLUTE
    Timer1.c                                 0x00000000   Number         0  timer1.o ABSOLUTE
    cpu.c                                    0x00000000   Number         0  cpu.o ABSOLUTE
    cpu.c                                    0x00000000   Number         0  cpu.o ABSOLUTE
    dc.s                                     0x00000000   Number         0  dc.o ABSOLUTE
    fpu.c                                    0x00000000   Number         0  fpu.o ABSOLUTE
    gpio.c                                   0x00000000   Number         0  gpio.o ABSOLUTE
    handlers.s                               0x00000000   Number         0  handlers.o ABSOLUTE
    init.s                                   0x00000000   Number         0  init.o ABSOLUTE
    interrupt.c                              0x00000000   Number         0  interrupt.o ABSOLUTE
    main.c                                   0x00000000   Number         0  main.o ABSOLUTE
    ssi.c                                    0x00000000   Number         0  ssi.o ABSOLUTE
    startup_rvmdk.S                          0x00000000   Number         0  startup_rvmdk.o ABSOLUTE
    sysctl.c                                 0x00000000   Number         0  sysctl.o ABSOLUTE
    sysctl.c                                 0x00000000   Number         0  sysctl.o ABSOLUTE
    uart.c                                   0x00000000   Number         0  uart.o ABSOLUTE
    $v0                                      0x0000026c   Number         0  startup_rvmdk.o(RESET)
    NmiSR                                    0x00000281   Thumb Code     0  startup_rvmdk.o(RESET)
    FaultISR                                 0x00000283   Thumb Code     0  startup_rvmdk.o(RESET)
    IntDefaultHandler                        0x00000285   Thumb Code     0  startup_rvmdk.o(RESET)
    .ARM.Collect$$$$00000000                 0x00000288   Section        0  entry.o(.ARM.Collect$$$$00000000)
    .ARM.Collect$$$$00000001                 0x00000288   Section        4  entry2.o(.ARM.Collect$$$$00000001)
    .ARM.Collect$$$$00000004                 0x0000028c   Section        4  entry5.o(.ARM.Collect$$$$00000004)
    .ARM.Collect$$$$00000008                 0x00000290   Section        0  entry7b.o(.ARM.Collect$$$$00000008)
    .ARM.Collect$$$$0000000A                 0x00000290   Section        0  entry8b.o(.ARM.Collect$$$$0000000A)
    .ARM.Collect$$$$0000000B                 0x00000290   Section        8  entry9a.o(.ARM.Collect$$$$0000000B)
    .ARM.Collect$$$$0000000D                 0x00000298   Section        0  entry10a.o(.ARM.Collect$$$$0000000D)
    .ARM.Collect$$$$0000000F                 0x00000298   Section        0  entry11a.o(.ARM.Collect$$$$0000000F)
    .ARM.Collect$$$$00002712                 0x00000298   Section        4  entry2.o(.ARM.Collect$$$$00002712)
    __lit__00000000                          0x00000298   Data           4  entry2.o(.ARM.Collect$$$$00002712)
    .emb_text                                0x0000029c   Section        6  sysctl.o(.emb_text)
    $v0                                      0x0000029c   Number         0  sysctl.o(.emb_text)
    .emb_text                                0x000002a4   Section       38  cpu.o(.emb_text)
    $v0                                      0x000002a4   Number         0  cpu.o(.emb_text)
    .text                                    0x000002ca   Section        0  memcpya.o(.text)
    .text                                    0x000002ee   Section        0  memseta.o(.text)
    .text                                    0x00000312   Section        0  strlen.o(.text)
    .text                                    0x00000320   Section        0  strcpy.o(.text)
    .text                                    0x00000334   Section       36  init.o(.text)
    i.ADC0_InSeq1                            0x00000358   Section        0  adcswtrigger.o(i.ADC0_InSeq1)
    i.ADC0_InitSWTriggerSeq1_Ch9             0x00000374   Section        0  adcswtrigger.o(i.ADC0_InitSWTriggerSeq1_Ch9)
    i.Board_Input                            0x0000041c   Section        0  led.o(i.Board_Input)
    i.CC3100_InterruptDisable                0x00000430   Section        0  board.o(i.CC3100_InterruptDisable)
    i.CC3100_InterruptEnable                 0x0000043c   Section        0  board.o(i.CC3100_InterruptEnable)
    i.CC3100_disable                         0x00000448   Section        0  board.o(i.CC3100_disable)
    i.CC3100_enable                          0x00000458   Section        0  board.o(i.CC3100_enable)
    i.CopyPingResultsToReport                0x00000468   Section        0  netapp.o(i.CopyPingResultsToReport)
    i.Crash                                  0x00000482   Section        0  cc3100.o(i.Crash)
    i.Delay1ms                               0x00000494   Section        0  st7735.o(i.Delay1ms)
    i.FPUEnable                              0x000004b0   Section        0  fpu.o(i.FPUEnable)
    i.FPULazyStackingEnable                  0x000004c0   Section        0  fpu.o(i.FPULazyStackingEnable)
    i.GPIOB_intHandler                       0x000004d0   Section        0  board.o(i.GPIOB_intHandler)
    i.GPIODirModeSet                         0x00000504   Section        0  gpio.o(i.GPIODirModeSet)
    i.GPIOIntClear                           0x0000052c   Section        0  gpio.o(i.GPIOIntClear)
    i.GPIOIntDisable                         0x00000532   Section        0  gpio.o(i.GPIOIntDisable)
    i.GPIOIntEnable                          0x00000540   Section        0  gpio.o(i.GPIOIntEnable)
    i.GPIOIntStatus                          0x0000054e   Section        0  gpio.o(i.GPIOIntStatus)
    i.GPIOIntTypeSet                         0x0000055c   Section        0  gpio.o(i.GPIOIntTypeSet)
    i.GPIOPadConfigSet                       0x000005ac   Section        0  gpio.o(i.GPIOPadConfigSet)
    i.GPIOPinConfigure                       0x000006e8   Section        0  gpio.o(i.GPIOPinConfigure)
    i.GPIOPinTypeGPIOInput                   0x00000730   Section        0  gpio.o(i.GPIOPinTypeGPIOInput)
    i.GPIOPinTypeGPIOOutput                  0x0000074c   Section        0  gpio.o(i.GPIOPinTypeGPIOOutput)
    i.GPIOPinTypeSSI                         0x00000768   Section        0  gpio.o(i.GPIOPinTypeSSI)
    i.GPIOPinWrite                           0x00000784   Section        0  gpio.o(i.GPIOPinWrite)
    i.GetStartResponseConvert                0x0000078a   Section        0  device.o(i.GetStartResponseConvert)
    i.IntEnable                              0x000007d0   Section        0  interrupt.o(i.IntEnable)
    i.IntMasterEnable                        0x00000834   Section        0  interrupt.o(i.IntMasterEnable)
    i.IsBufferEmpty                          0x00000842   Section        0  uartstdio.o(i.IsBufferEmpty)
    IsBufferEmpty                            0x00000843   Thumb Code    16  uartstdio.o(i.IsBufferEmpty)
    i.IsBufferFull                           0x00000852   Section        0  uartstdio.o(i.IsBufferFull)
    IsBufferFull                             0x00000853   Thumb Code    26  uartstdio.o(i.IsBufferFull)
    i.LED_GreenOff                           0x0000086c   Section        0  led.o(i.LED_GreenOff)
    i.LED_GreenOn                            0x00000878   Section        0  led.o(i.LED_GreenOn)
    i.LED_Init                               0x00000884   Section        0  led.o(i.LED_Init)
    i.LED_RedToggle                          0x000008e8   Section        0  led.o(i.LED_RedToggle)
    i.SSIConfigSetExpClk                     0x000008f8   Section        0  ssi.o(i.SSIConfigSetExpClk)
    i.SSIDataGetNonBlocking                  0x00000942   Section        0  ssi.o(i.SSIDataGetNonBlocking)
    i.SSIDataPutNonBlocking                  0x00000956   Section        0  ssi.o(i.SSIDataPutNonBlocking)
    i.SSIEnable                              0x00000966   Section        0  ssi.o(i.SSIEnable)
    i.ST7735_DrawCharS                       0x00000970   Section        0  st7735.o(i.ST7735_DrawCharS)
    i.ST7735_DrawPixel                       0x00000a2c   Section        0  st7735.o(i.ST7735_DrawPixel)
    i.ST7735_DrawString                      0x00000a68   Section        0  st7735.o(i.ST7735_DrawString)
    i.ST7735_FillRect                        0x00000abc   Section        0  st7735.o(i.ST7735_FillRect)
    i.ST7735_FillScreen                      0x00000b34   Section        0  st7735.o(i.ST7735_FillScreen)
    i.ST7735_InitR                           0x00000b50   Section        0  st7735.o(i.ST7735_InitR)
    i.ST7735_OutChar                         0x00000bb8   Section        0  st7735.o(i.ST7735_OutChar)
    i.ST7735_OutString                       0x00000c5c   Section        0  st7735.o(i.ST7735_OutString)
    i.ST7735_OutUDec                         0x00000c70   Section        0  st7735.o(i.ST7735_OutUDec)
    i.ST7735_SetCursor                       0x00000cc8   Section        0  st7735.o(i.ST7735_SetCursor)
    i.ST7735_sDecOut3                        0x00000cdc   Section        0  st7735.o(i.ST7735_sDecOut3)
    i.SimpleLinkHttpServerCallback           0x00000d40   Section        0  cc3100.o(i.SimpleLinkHttpServerCallback)
    i.SimpleLinkNetAppEventHandler           0x00000d44   Section        0  cc3100.o(i.SimpleLinkNetAppEventHandler)
    i.SimpleLinkWlanEventHandler             0x00000d5c   Section        0  cc3100.o(i.SimpleLinkWlanEventHandler)
    i.SysCtlClockGet                         0x00000d7c   Section        0  sysctl.o(i.SysCtlClockGet)
    i.SysCtlClockSet                         0x00000ee0   Section        0  sysctl.o(i.SysCtlClockSet)
    i.SysCtlPeripheralEnable                 0x00001000   Section        0  sysctl.o(i.SysCtlPeripheralEnable)
    i.UARTPrimeTransmit                      0x00001028   Section        0  uartstdio.o(i.UARTPrimeTransmit)
    UARTPrimeTransmit                        0x00001029   Thumb Code   108  uartstdio.o(i.UARTPrimeTransmit)
    i.UARTStdioIntHandler                    0x000010a0   Section        0  uartstdio.o(i.UARTStdioIntHandler)
    i.UARTwrite                              0x000011a8   Section        0  uartstdio.o(i.UARTwrite)
    i._SlAsyncEventGenericHandler            0x00001238   Section        0  driver.o(i._SlAsyncEventGenericHandler)
    i._SlDrvBasicCmd                         0x00001518   Section        0  driver.o(i._SlDrvBasicCmd)
    i._SlDrvClassifyRxMsg                    0x00001540   Section        0  driver.o(i._SlDrvClassifyRxMsg)
    i._SlDrvCmdOp                            0x000015c8   Section        0  driver.o(i._SlDrvCmdOp)
    i._SlDrvCmdSend                          0x0000161c   Section        0  driver.o(i._SlDrvCmdSend)
    i._SlDrvDataReadOp                       0x00001638   Section        0  driver.o(i._SlDrvDataReadOp)
    i._SlDrvDataWriteOp                      0x00001788   Section        0  driver.o(i._SlDrvDataWriteOp)
    i._SlDrvDeviceEventHandler               0x0000189c   Section        0  device.o(i._SlDrvDeviceEventHandler)
    i._SlDrvDriverCBDeinit                   0x000018b8   Section        0  driver.o(i._SlDrvDriverCBDeinit)
    i._SlDrvDriverCBInit                     0x00001918   Section        0  driver.o(i._SlDrvDriverCBInit)
    i._SlDrvFlowContDeinit                   0x000019a8   Section        0  flowcont.o(i._SlDrvFlowContDeinit)
    i._SlDrvFlowContInit                     0x000019d4   Section        0  flowcont.o(i._SlDrvFlowContInit)
    i._SlDrvMsgRead                          0x00001a04   Section        0  driver.o(i._SlDrvMsgRead)
    i._SlDrvMsgReadCmdCtx                    0x00001d50   Section        0  driver.o(i._SlDrvMsgReadCmdCtx)
    i._SlDrvMsgReadSpawnCtx                  0x00001df4   Section        0  driver.o(i._SlDrvMsgReadSpawnCtx)
    i._SlDrvMsgWrite                         0x00001e7c   Section        0  driver.o(i._SlDrvMsgWrite)
    i._SlDrvNetAppEventHandler               0x00001f6c   Section        0  netapp.o(i._SlDrvNetAppEventHandler)
    i._SlDrvObjDeInit                        0x00002034   Section        0  driver.o(i._SlDrvObjDeInit)
    i._SlDrvObjInit                          0x0000204c   Section        0  driver.o(i._SlDrvObjInit)
    i._SlDrvReleasePoolObj                   0x00002088   Section        0  driver.o(i._SlDrvReleasePoolObj)
    i._SlDrvRxHdrRead                        0x0000216c   Section        0  driver.o(i._SlDrvRxHdrRead)
    i._SlDrvRxIrqHandler                     0x00002298   Section        0  driver.o(i._SlDrvRxIrqHandler)
    i._SlDrvShiftDWord                       0x000022d4   Section        0  driver.o(i._SlDrvShiftDWord)
    i._SlDrvWaitForPoolObj                   0x000022ec   Section        0  driver.o(i._SlDrvWaitForPoolObj)
    i._SlFindAndSetActiveObj                 0x000023f0   Section        0  driver.o(i._SlFindAndSetActiveObj)
    i._SlNonOsMainLoopTask                   0x00002484   Section        0  nonos.o(i._SlNonOsMainLoopTask)
    i._SlNonOsSemGet                         0x000024c4   Section        0  nonos.o(i._SlNonOsSemGet)
    i._SlNonOsSemSet                         0x000024f6   Section        0  nonos.o(i._SlNonOsSemSet)
    i._SlNonOsSpawn                          0x000024fc   Section        0  nonos.o(i._SlNonOsSpawn)
    i._SlRemoveFromList                      0x00002520   Section        0  driver.o(i._SlRemoveFromList)
    i.__scatterload_copy                     0x00002578   Section       14  handlers.o(i.__scatterload_copy)
    i.__scatterload_null                     0x00002586   Section        2  handlers.o(i.__scatterload_null)
    i.__scatterload_zeroinit                 0x00002588   Section       14  handlers.o(i.__scatterload_zeroinit)
    i._sl_BuildAddress                       0x00002596   Section        0  socket.o(i._sl_BuildAddress)
    i._sl_HandleAsync_Accept                 0x000025bc   Section        0  socket.o(i._sl_HandleAsync_Accept)
    i._sl_HandleAsync_Connect                0x00002630   Section        0  socket.o(i._sl_HandleAsync_Connect)
    i._sl_HandleAsync_DnsGetHostByName       0x000026ac   Section        0  netapp.o(i._sl_HandleAsync_DnsGetHostByName)
    i._sl_HandleAsync_DnsGetHostByService    0x00002720   Section        0  netapp.o(i._sl_HandleAsync_DnsGetHostByService)
    i._sl_HandleAsync_InitComplete           0x0000278c   Section        0  device.o(i._sl_HandleAsync_InitComplete)
    i._sl_HandleAsync_PingResponse           0x00002810   Section        0  netapp.o(i._sl_HandleAsync_PingResponse)
    i._sl_HandleAsync_Select                 0x00002890   Section        0  socket.o(i._sl_HandleAsync_Select)
    i._sl_HandleAsync_Stop                   0x000028f4   Section        0  device.o(i._sl_HandleAsync_Stop)
    i._sl_TruncatePayloadByProtocol          0x00002954   Section        0  socket.o(i._sl_TruncatePayloadByProtocol)
    i.commandList                            0x000029a8   Section        0  st7735.o(i.commandList)
    commandList                              0x000029a9   Thumb Code    82  st7735.o(i.commandList)
    i.commonInit                             0x000029fc   Section        0  st7735.o(i.commonInit)
    commonInit                               0x000029fd   Thumb Code   272  st7735.o(i.commonInit)
    i.configureSimpleLinkToDefaultState      0x00002b34   Section        0  cc3100.o(i.configureSimpleLinkToDefaultState)
    configureSimpleLinkToDefaultState        0x00002b35   Thumb Code   252  cc3100.o(i.configureSimpleLinkToDefaultState)
    i.fillmessage                            0x00002c44   Section        0  st7735.o(i.fillmessage)
    i.getConnected                           0x00002c78   Section        0  cc3100.o(i.getConnected)
    i.initClk                                0x00002d04   Section        0  board.o(i.initClk)
    i.main                                   0x00002d1c   Section        0  main.o(i.main)
    i.packetParse                            0x00002d80   Section        0  cc3100.o(i.packetParse)
    i.pushColor                              0x00002dec   Section        0  st7735.o(i.pushColor)
    pushColor                                0x00002ded   Thumb Code    20  st7735.o(i.pushColor)
    i.registerInterruptHandler               0x00002e00   Section        0  board.o(i.registerInterruptHandler)
    i.sendRequest                            0x00002e0c   Section        0  cc3100.o(i.sendRequest)
    i.setAddrWindow                          0x00002f0c   Section        0  st7735.o(i.setAddrWindow)
    setAddrWindow                            0x00002f0d   Thumb Code   102  st7735.o(i.setAddrWindow)
    i.sl_Close                               0x00002f78   Section        0  socket.o(i.sl_Close)
    i.sl_Connect                             0x00002f98   Section        0  socket.o(i.sl_Connect)
    i.sl_DevGet                              0x00003084   Section        0  device.o(i.sl_DevGet)
    i.sl_Htonl                               0x000030f4   Section        0  socket.o(i.sl_Htonl)
    i.sl_Htons                               0x0000311c   Section        0  socket.o(i.sl_Htons)
    i.sl_NetAppDnsGetHostByName              0x0000314c   Section        0  netapp.o(i.sl_NetAppDnsGetHostByName)
    i.sl_NetAppMDNSRegisterUnregisterService 0x00003224   Section        0  netapp.o(i.sl_NetAppMDNSRegisterUnregisterService)
    i.sl_NetAppMDNSUnRegisterService         0x000032a0   Section        0  netapp.o(i.sl_NetAppMDNSUnRegisterService)
    i.sl_NetAppSendTokenValue                0x000032b4   Section        0  netapp.o(i.sl_NetAppSendTokenValue)
    i.sl_NetCfgSet                           0x00003304   Section        0  netcfg.o(i.sl_NetCfgSet)
    i.sl_Recv                                0x00003344   Section        0  socket.o(i.sl_Recv)
    i.sl_Send                                0x00003384   Section        0  socket.o(i.sl_Send)
    i.sl_Socket                              0x00003430   Section        0  socket.o(i.sl_Socket)
    i.sl_Start                               0x00003460   Section        0  device.o(i.sl_Start)
    i.sl_Stop                                0x00003518   Section        0  device.o(i.sl_Stop)
    i.sl_WlanConnect                         0x000035e0   Section        0  wlan.o(i.sl_WlanConnect)
    i.sl_WlanDisconnect                      0x00003784   Section        0  wlan.o(i.sl_WlanDisconnect)
    i.sl_WlanPolicySet                       0x0000378c   Section        0  wlan.o(i.sl_WlanPolicySet)
    i.sl_WlanProfileDel                      0x000037c4   Section        0  wlan.o(i.sl_WlanProfileDel)
    i.sl_WlanSet                             0x000037e4   Section        0  wlan.o(i.sl_WlanSet)
    i.sl_WlanSetMode                         0x00003824   Section        0  wlan.o(i.sl_WlanSetMode)
    i.spi_Close                              0x00003844   Section        0  spi.o(i.spi_Close)
    i.spi_Open                               0x00003850   Section        0  spi.o(i.spi_Open)
    i.spi_Read                               0x00003940   Section        0  spi.o(i.spi_Read)
    i.spi_Write                              0x00003998   Section        0  spi.o(i.spi_Write)
    i.writecommand                           0x000039ec   Section        0  st7735.o(i.writecommand)
    writecommand                             0x000039ed   Thumb Code    28  st7735.o(i.writecommand)
    i.writedata                              0x00003a0c   Section        0  st7735.o(i.writedata)
    writedata                                0x00003a0d   Thumb Code    22  st7735.o(i.writedata)
    .constdata                               0x00003a28   Section      160  main.o(.constdata)
    .constdata                               0x00003ac8   Section       20  device.o(.constdata)
    .constdata                               0x00003adc   Section       72  driver.o(.constdata)
    .constdata                               0x00003b24   Section       40  netapp.o(.constdata)
    .constdata                               0x00003b4c   Section        8  netcfg.o(.constdata)
    .constdata                               0x00003b54   Section       48  socket.o(.constdata)
    .constdata                               0x00003b84   Section       52  wlan.o(.constdata)
    .constdata                               0x00003bb8   Section       40  uartstdio.o(.constdata)
    g_pcHex                                  0x00003bb8   Data           4  uartstdio.o(.constdata)
    g_ui32UARTBase                           0x00003bbc   Data          12  uartstdio.o(.constdata)
    g_ui32UARTInt                            0x00003bc8   Data          12  uartstdio.o(.constdata)
    g_ui32UARTPeriph                         0x00003bd4   Data          12  uartstdio.o(.constdata)
    .constdata                               0x00003be0   Section     2018  st7735.o(.constdata)
    Font                                     0x00003be0   Data        1275  st7735.o(.constdata)
    Bcmd                                     0x000040db   Data         103  st7735.o(.constdata)
    Rcmd1                                    0x00004142   Data          59  st7735.o(.constdata)
    Rcmd2green                               0x0000417d   Data          13  st7735.o(.constdata)
    Rcmd2red                                 0x0000418a   Data          13  st7735.o(.constdata)
    Rcmd3                                    0x00004197   Data          43  st7735.o(.constdata)
    .constdata                               0x000043c4   Section      528  gpio.o(.constdata)
    g_ppui32GPIOIntMapBlizzard               0x000043c4   Data         192  gpio.o(.constdata)
    g_ppui32GPIOIntMapSnowflake              0x00004484   Data         192  gpio.o(.constdata)
    g_pui32GPIOBaseAddrs                     0x00004544   Data         144  gpio.o(.constdata)
    .constdata                               0x000045d4   Section      268  interrupt.o(.constdata)
    g_pui32Priority                          0x000045d4   Data          32  interrupt.o(.constdata)
    g_pui32Regs                              0x000045f4   Data         156  interrupt.o(.constdata)
    g_pui32EnRegs                            0x00004690   Data          20  interrupt.o(.constdata)
    g_pui32Dii16Regs                         0x000046a4   Data          20  interrupt.o(.constdata)
    g_pui32PendRegs                          0x000046b8   Data          20  interrupt.o(.constdata)
    g_pui32UnpendRegs                        0x000046cc   Data          20  interrupt.o(.constdata)
    .constdata                               0x000046e0   Section      452  sysctl.o(.constdata)
    g_pui32VCOFrequencies                    0x000046e0   Data           8  sysctl.o(.constdata)
    g_pui32Xtals                             0x000046e8   Data         108  sysctl.o(.constdata)
    g_pppui32XTALtoVCO                       0x00004754   Data         288  sysctl.o(.constdata)
    g_sXTALtoMEMTIM                          0x00004874   Data          48  sysctl.o(.constdata)
    .conststring                             0x000048a4   Section       17  uartstdio.o(.conststring)
    .data                                    0x20000000   Section        8  board.o(.data)
    .data                                    0x20000008   Section        4  driver.o(.data)
    .data                                    0x2000000c   Section        4  driver.o(.data)
    .data                                    0x20000010   Section       28  uartstdio.o(.data)
    bLastWasCR                               0x20000010   Data           1  uartstdio.o(.data)
    g_bDisableEcho                           0x20000011   Data           1  uartstdio.o(.data)
    g_ui32UARTTxWriteIndex                   0x20000014   Data           4  uartstdio.o(.data)
    g_ui32UARTTxReadIndex                    0x20000018   Data           4  uartstdio.o(.data)
    g_ui32UARTRxWriteIndex                   0x2000001c   Data           4  uartstdio.o(.data)
    g_ui32UARTRxReadIndex                    0x20000020   Data           4  uartstdio.o(.data)
    g_ui32Base                               0x20000024   Data           4  uartstdio.o(.data)
    g_ui32PortNum                            0x20000028   Data           4  uartstdio.o(.data)
    .data                                    0x2000002c   Section       44  st7735.o(.data)
    ColStart                                 0x2000002c   Data           1  st7735.o(.data)
    RowStart                                 0x2000002d   Data           1  st7735.o(.data)
    Rotation                                 0x2000002e   Data           1  st7735.o(.data)
    TabColor                                 0x2000002f   Data           1  st7735.o(.data)
    _width                                   0x20000032   Data           2  st7735.o(.data)
    _height                                  0x20000034   Data           2  st7735.o(.data)
    .data                                    0x20000058   Section       18  cc3100.o(.data)
    .bss                                     0x2000006c   Section      356  driver.o(.bss)
    .bss                                     0x200001d0   Section       40  nonos.o(.bss)
    .bss                                     0x200001f8   Section     1152  uartstdio.o(.bss)
    g_pcUARTTxBuffer                         0x200001f8   Data        1024  uartstdio.o(.bss)
    g_pcUARTRxBuffer                         0x200005f8   Data         128  uartstdio.o(.bss)
    .bss                                     0x20000678   Section       12  st7735.o(.bss)
    .bss                                     0x20000684   Section     1576  cc3100.o(.bss)
    STACK                                    0x20000cb0   Section    16384  startup_rvmdk.o(STACK)
    StackMem                                 0x20000cb0   Data           0  startup_rvmdk.o(STACK)

    Global Symbols

    Symbol Name                              Value     Ov Type        Size  Object(Section)

    BuildAttributes$$THM_ISAv4$E$P$D$K$B$S$7EM$VFPi3$EXTD16$VFPS$VFMA$PE$A:L22UL41UL21$X:L11$S22US41US21$IEEE1$IW$USESV6$~STKCKD$USESV7$~SHL$OTIME$EBA8$MICROLIB$REQ8$PRES8$EABIv2 0x00000000   Number         0  anon$$obj.o ABSOLUTE
    __ARM_use_no_argv                        0x00000000   Number         0  main.o ABSOLUTE
    __Vectors                                0x00000000   Data           0  startup_rvmdk.o(RESET)
    __cpp_initialize__aeabi_                  - Undefined Weak Reference
    __cxa_finalize                            - Undefined Weak Reference
    __decompress                              - Undefined Weak Reference
    _clock_init                               - Undefined Weak Reference
    _microlib_exit                            - Undefined Weak Reference
    Reset_Handler                            0x0000026d   Thumb Code     0  startup_rvmdk.o(RESET)
    __main                                   0x00000289   Thumb Code     0  entry.o(.ARM.Collect$$$$00000000)
    _main_stk                                0x00000289   Thumb Code     0  entry2.o(.ARM.Collect$$$$00000001)
    _main_scatterload                        0x0000028d   Thumb Code     0  entry5.o(.ARM.Collect$$$$00000004)
    __main_after_scatterload                 0x00000291   Thumb Code     0  entry5.o(.ARM.Collect$$$$00000004)
    _main_clock                              0x00000291   Thumb Code     0  entry7b.o(.ARM.Collect$$$$00000008)
    _main_cpp_init                           0x00000291   Thumb Code     0  entry8b.o(.ARM.Collect$$$$0000000A)
    _main_init                               0x00000291   Thumb Code     0  entry9a.o(.ARM.Collect$$$$0000000B)
    __rt_final_cpp                           0x00000299   Thumb Code     0  entry10a.o(.ARM.Collect$$$$0000000D)
    __rt_final_exit                          0x00000299   Thumb Code     0  entry11a.o(.ARM.Collect$$$$0000000F)
    SysCtlDelay                              0x0000029d   Thumb Code     6  sysctl.o(.emb_text)
    CPUcpsid                                 0x000002a5   Thumb Code     8  cpu.o(.emb_text)
    CPUprimask                               0x000002ad   Thumb Code     6  cpu.o(.emb_text)
    CPUcpsie                                 0x000002b3   Thumb Code     8  cpu.o(.emb_text)
    CPUwfi                                   0x000002bb   Thumb Code     4  cpu.o(.emb_text)
    CPUbasepriSet                            0x000002bf   Thumb Code     6  cpu.o(.emb_text)
    CPUbasepriGet                            0x000002c5   Thumb Code     6  cpu.o(.emb_text)
    __aeabi_memcpy                           0x000002cb   Thumb Code    36  memcpya.o(.text)
    __aeabi_memcpy4                          0x000002cb   Thumb Code     0  memcpya.o(.text)
    __aeabi_memcpy8                          0x000002cb   Thumb Code     0  memcpya.o(.text)
    __aeabi_memset                           0x000002ef   Thumb Code    14  memseta.o(.text)
    __aeabi_memset4                          0x000002ef   Thumb Code     0  memseta.o(.text)
    __aeabi_memset8                          0x000002ef   Thumb Code     0  memseta.o(.text)
    __aeabi_memclr                           0x000002fd   Thumb Code     4  memseta.o(.text)
    __aeabi_memclr4                          0x000002fd   Thumb Code     0  memseta.o(.text)
    __aeabi_memclr8                          0x000002fd   Thumb Code     0  memseta.o(.text)
    _memset$wrapper                          0x00000301   Thumb Code    18  memseta.o(.text)
    strlen                                   0x00000313   Thumb Code    14  strlen.o(.text)
    strcpy                                   0x00000321   Thumb Code    18  strcpy.o(.text)
    __scatterload                            0x00000335   Thumb Code    28  init.o(.text)
    __scatterload_rt2                        0x00000335   Thumb Code     0  init.o(.text)
    ADC0_InSeq1                              0x00000359   Thumb Code    22  adcswtrigger.o(i.ADC0_InSeq1)
    ADC0_InitSWTriggerSeq1_Ch9               0x00000375   Thumb Code   146  adcswtrigger.o(i.ADC0_InitSWTriggerSeq1_Ch9)
    Board_Input                              0x0000041d   Thumb Code    16  led.o(i.Board_Input)
    CC3100_InterruptDisable                  0x00000431   Thumb Code     8  board.o(i.CC3100_InterruptDisable)
    CC3100_InterruptEnable                   0x0000043d   Thumb Code     8  board.o(i.CC3100_InterruptEnable)
    CC3100_disable                           0x00000449   Thumb Code    10  board.o(i.CC3100_disable)
    CC3100_enable                            0x00000459   Thumb Code    10  board.o(i.CC3100_enable)
    CopyPingResultsToReport                  0x00000469   Thumb Code    26  netapp.o(i.CopyPingResultsToReport)
    Crash                                    0x00000483   Thumb Code    18  cc3100.o(i.Crash)
    Delay1ms                                 0x00000495   Thumb Code    26  st7735.o(i.Delay1ms)
    FPUEnable                                0x000004b1   Thumb Code    12  fpu.o(i.FPUEnable)
    FPULazyStackingEnable                    0x000004c1   Thumb Code    12  fpu.o(i.FPULazyStackingEnable)
    GPIOB_intHandler                         0x000004d1   Thumb Code    44  board.o(i.GPIOB_intHandler)
    GPIODirModeSet                           0x00000505   Thumb Code    40  gpio.o(i.GPIODirModeSet)
    GPIOIntClear                             0x0000052d   Thumb Code     6  gpio.o(i.GPIOIntClear)
    GPIOIntDisable                           0x00000533   Thumb Code    14  gpio.o(i.GPIOIntDisable)
    GPIOIntEnable                            0x00000541   Thumb Code    14  gpio.o(i.GPIOIntEnable)
    GPIOIntStatus                            0x0000054f   Thumb Code    14  gpio.o(i.GPIOIntStatus)
    GPIOIntTypeSet                           0x0000055d   Thumb Code    80  gpio.o(i.GPIOIntTypeSet)
    GPIOPadConfigSet                         0x000005ad   Thumb Code   314  gpio.o(i.GPIOPadConfigSet)
    GPIOPinConfigure                         0x000006e9   Thumb Code    64  gpio.o(i.GPIOPinConfigure)
    GPIOPinTypeGPIOInput                     0x00000731   Thumb Code    28  gpio.o(i.GPIOPinTypeGPIOInput)
    GPIOPinTypeGPIOOutput                    0x0000074d   Thumb Code    28  gpio.o(i.GPIOPinTypeGPIOOutput)
    GPIOPinTypeSSI                           0x00000769   Thumb Code    28  gpio.o(i.GPIOPinTypeSSI)
    GPIOPinWrite                             0x00000785   Thumb Code     6  gpio.o(i.GPIOPinWrite)
    GetStartResponseConvert                  0x0000078b   Thumb Code    68  device.o(i.GetStartResponseConvert)
    IntEnable                                0x000007d1   Thumb Code    92  interrupt.o(i.IntEnable)
    IntMasterEnable                          0x00000835   Thumb Code    14  interrupt.o(i.IntMasterEnable)
    LED_GreenOff                             0x0000086d   Thumb Code     8  led.o(i.LED_GreenOff)
    LED_GreenOn                              0x00000879   Thumb Code     8  led.o(i.LED_GreenOn)
    LED_Init                                 0x00000885   Thumb Code    78  led.o(i.LED_Init)
    LED_RedToggle                            0x000008e9   Thumb Code    12  led.o(i.LED_RedToggle)
    SSIConfigSetExpClk                       0x000008f9   Thumb Code    74  ssi.o(i.SSIConfigSetExpClk)
    SSIDataGetNonBlocking                    0x00000943   Thumb Code    20  ssi.o(i.SSIDataGetNonBlocking)
    SSIDataPutNonBlocking                    0x00000957   Thumb Code    16  ssi.o(i.SSIDataPutNonBlocking)
    SSIEnable                                0x00000967   Thumb Code    10  ssi.o(i.SSIEnable)
    ST7735_DrawCharS                         0x00000971   Thumb Code   178  st7735.o(i.ST7735_DrawCharS)
    ST7735_DrawPixel                         0x00000a2d   Thumb Code    54  st7735.o(i.ST7735_DrawPixel)
    ST7735_DrawString                        0x00000a69   Thumb Code    82  st7735.o(i.ST7735_DrawString)
    ST7735_FillRect                          0x00000abd   Thumb Code   116  st7735.o(i.ST7735_FillRect)
    ST7735_FillScreen                        0x00000b35   Thumb Code    24  st7735.o(i.ST7735_FillScreen)
    ST7735_InitR                             0x00000b51   Thumb Code    94  st7735.o(i.ST7735_InitR)
    ST7735_OutChar                           0x00000bb9   Thumb Code   134  st7735.o(i.ST7735_OutChar)
    ST7735_OutString                         0x00000c5d   Thumb Code    20  st7735.o(i.ST7735_OutString)
    ST7735_OutUDec                           0x00000c71   Thumb Code    80  st7735.o(i.ST7735_OutUDec)
    ST7735_SetCursor                         0x00000cc9   Thumb Code    16  st7735.o(i.ST7735_SetCursor)
    ST7735_sDecOut3                          0x00000cdd   Thumb Code    92  st7735.o(i.ST7735_sDecOut3)
    SimpleLinkHttpServerCallback             0x00000d41   Thumb Code     2  cc3100.o(i.SimpleLinkHttpServerCallback)
    SimpleLinkNetAppEventHandler             0x00000d45   Thumb Code    18  cc3100.o(i.SimpleLinkNetAppEventHandler)
    SimpleLinkWlanEventHandler               0x00000d5d   Thumb Code    28  cc3100.o(i.SimpleLinkWlanEventHandler)
    SysCtlClockGet                           0x00000d7d   Thumb Code   314  sysctl.o(i.SysCtlClockGet)
    SysCtlClockSet                           0x00000ee1   Thumb Code   270  sysctl.o(i.SysCtlClockSet)
    SysCtlPeripheralEnable                   0x00001001   Thumb Code    36  sysctl.o(i.SysCtlPeripheralEnable)
    UARTStdioIntHandler                      0x000010a1   Thumb Code   248  uartstdio.o(i.UARTStdioIntHandler)
    UARTwrite                                0x000011a9   Thumb Code   134  uartstdio.o(i.UARTwrite)
    _SlAsyncEventGenericHandler              0x00001239   Thumb Code   732  driver.o(i._SlAsyncEventGenericHandler)
    _SlDrvBasicCmd                           0x00001519   Thumb Code    40  driver.o(i._SlDrvBasicCmd)
    _SlDrvClassifyRxMsg                      0x00001541   Thumb Code   114  driver.o(i._SlDrvClassifyRxMsg)
    _SlDrvCmdOp                              0x000015c9   Thumb Code    80  driver.o(i._SlDrvCmdOp)
    _SlDrvCmdSend                            0x0000161d   Thumb Code    24  driver.o(i._SlDrvCmdSend)
    _SlDrvDataReadOp                         0x00001639   Thumb Code   326  driver.o(i._SlDrvDataReadOp)
    _SlDrvDataWriteOp                        0x00001789   Thumb Code   272  driver.o(i._SlDrvDataWriteOp)
    _SlDrvDeviceEventHandler                 0x0000189d   Thumb Code    26  device.o(i._SlDrvDeviceEventHandler)
    _SlDrvDriverCBDeinit                     0x000018b9   Thumb Code    92  driver.o(i._SlDrvDriverCBDeinit)
    _SlDrvDriverCBInit                       0x00001919   Thumb Code   134  driver.o(i._SlDrvDriverCBInit)
    _SlDrvFlowContDeinit                     0x000019a9   Thumb Code    40  flowcont.o(i._SlDrvFlowContDeinit)
    _SlDrvFlowContInit                       0x000019d5   Thumb Code    42  flowcont.o(i._SlDrvFlowContInit)
    _SlDrvMsgRead                            0x00001a05   Thumb Code   834  driver.o(i._SlDrvMsgRead)
    _SlDrvMsgReadCmdCtx                      0x00001d51   Thumb Code   156  driver.o(i._SlDrvMsgReadCmdCtx)
    _SlDrvMsgReadSpawnCtx                    0x00001df5   Thumb Code   132  driver.o(i._SlDrvMsgReadSpawnCtx)
    _SlDrvMsgWrite                           0x00001e7d   Thumb Code   232  driver.o(i._SlDrvMsgWrite)
    _SlDrvNetAppEventHandler                 0x00001f6d   Thumb Code   198  netapp.o(i._SlDrvNetAppEventHandler)
    _SlDrvObjDeInit                          0x00002035   Thumb Code    18  driver.o(i._SlDrvObjDeInit)
    _SlDrvObjInit                            0x0000204d   Thumb Code    54  driver.o(i._SlDrvObjInit)
    _SlDrvReleasePoolObj                     0x00002089   Thumb Code   222  driver.o(i._SlDrvReleasePoolObj)
    _SlDrvRxHdrRead                          0x0000216d   Thumb Code   282  driver.o(i._SlDrvRxHdrRead)
    _SlDrvRxIrqHandler                       0x00002299   Thumb Code    52  driver.o(i._SlDrvRxIrqHandler)
    _SlDrvShiftDWord                         0x000022d5   Thumb Code    22  driver.o(i._SlDrvShiftDWord)
    _SlDrvWaitForPoolObj                     0x000022ed   Thumb Code   254  driver.o(i._SlDrvWaitForPoolObj)
    _SlFindAndSetActiveObj                   0x000023f1   Thumb Code   138  driver.o(i._SlFindAndSetActiveObj)
    _SlNonOsMainLoopTask                     0x00002485   Thumb Code    54  nonos.o(i._SlNonOsMainLoopTask)
    _SlNonOsSemGet                           0x000024c5   Thumb Code    50  nonos.o(i._SlNonOsSemGet)
    _SlNonOsSemSet                           0x000024f7   Thumb Code     6  nonos.o(i._SlNonOsSemSet)
    _SlNonOsSpawn                            0x000024fd   Thumb Code    30  nonos.o(i._SlNonOsSpawn)
    _SlRemoveFromList                        0x00002521   Thumb Code    84  driver.o(i._SlRemoveFromList)
    __scatterload_copy                       0x00002579   Thumb Code    14  handlers.o(i.__scatterload_copy)
    __scatterload_null                       0x00002587   Thumb Code     2  handlers.o(i.__scatterload_null)
    __scatterload_zeroinit                   0x00002589   Thumb Code    14  handlers.o(i.__scatterload_zeroinit)
    _sl_BuildAddress                         0x00002597   Thumb Code    38  socket.o(i._sl_BuildAddress)
    _sl_HandleAsync_Accept                   0x000025bd   Thumb Code   110  socket.o(i._sl_HandleAsync_Accept)
    _sl_HandleAsync_Connect                  0x00002631   Thumb Code   120  socket.o(i._sl_HandleAsync_Connect)
    _sl_HandleAsync_DnsGetHostByName         0x000026ad   Thumb Code   110  netapp.o(i._sl_HandleAsync_DnsGetHostByName)
    _sl_HandleAsync_DnsGetHostByService      0x00002721   Thumb Code   102  netapp.o(i._sl_HandleAsync_DnsGetHostByService)
    _sl_HandleAsync_InitComplete             0x0000278d   Thumb Code   126  device.o(i._sl_HandleAsync_InitComplete)
    _sl_HandleAsync_PingResponse             0x00002811   Thumb Code   120  netapp.o(i._sl_HandleAsync_PingResponse)
    _sl_HandleAsync_Select                   0x00002891   Thumb Code    94  socket.o(i._sl_HandleAsync_Select)
    _sl_HandleAsync_Stop                     0x000028f5   Thumb Code    90  device.o(i._sl_HandleAsync_Stop)
    _sl_TruncatePayloadByProtocol            0x00002955   Thumb Code    84  socket.o(i._sl_TruncatePayloadByProtocol)
    fillmessage                              0x00002c45   Thumb Code    44  st7735.o(i.fillmessage)
    getConnected                             0x00002c79   Thumb Code   116  cc3100.o(i.getConnected)
    initClk                                  0x00002d05   Thumb Code    20  board.o(i.initClk)
    main                                     0x00002d1d   Thumb Code    54  main.o(i.main)
    packetParse                              0x00002d81   Thumb Code    92  cc3100.o(i.packetParse)
    registerInterruptHandler                 0x00002e01   Thumb Code     8  board.o(i.registerInterruptHandler)
    sendRequest                              0x00002e0d   Thumb Code   202  cc3100.o(i.sendRequest)
    sl_Close                                 0x00002f79   Thumb Code    26  socket.o(i.sl_Close)
    sl_Connect                               0x00002f99   Thumb Code   224  socket.o(i.sl_Connect)
    sl_DevGet                                0x00003085   Thumb Code   104  device.o(i.sl_DevGet)
    sl_Htonl                                 0x000030f5   Thumb Code    40  socket.o(i.sl_Htonl)
    sl_Htons                                 0x0000311d   Thumb Code    48  socket.o(i.sl_Htons)
    sl_NetAppDnsGetHostByName                0x0000314d   Thumb Code   202  netapp.o(i.sl_NetAppDnsGetHostByName)
    sl_NetAppMDNSRegisterUnregisterService   0x00003225   Thumb Code   118  netapp.o(i.sl_NetAppMDNSRegisterUnregisterService)
    sl_NetAppMDNSUnRegisterService           0x000032a1   Thumb Code    18  netapp.o(i.sl_NetAppMDNSUnRegisterService)
    sl_NetAppSendTokenValue                  0x000032b5   Thumb Code    74  netapp.o(i.sl_NetAppSendTokenValue)
    sl_NetCfgSet                             0x00003305   Thumb Code    58  netcfg.o(i.sl_NetCfgSet)
    sl_Recv                                  0x00003345   Thumb Code    58  socket.o(i.sl_Recv)
    sl_Send                                  0x00003385   Thumb Code   162  socket.o(i.sl_Send)
    sl_Socket                                0x00003431   Thumb Code    42  socket.o(i.sl_Socket)
    sl_Start                                 0x00003461   Thumb Code   170  device.o(i.sl_Start)
    sl_Stop                                  0x00003519   Thumb Code   186  device.o(i.sl_Stop)
    sl_WlanConnect                           0x000035e1   Thumb Code   414  wlan.o(i.sl_WlanConnect)
    sl_WlanDisconnect                        0x00003785   Thumb Code     8  wlan.o(i.sl_WlanDisconnect)
    sl_WlanPolicySet                         0x0000378d   Thumb Code    52  wlan.o(i.sl_WlanPolicySet)
    sl_WlanProfileDel                        0x000037c5   Thumb Code    26  wlan.o(i.sl_WlanProfileDel)
    sl_WlanSet                               0x000037e5   Thumb Code    60  wlan.o(i.sl_WlanSet)
    sl_WlanSetMode                           0x00003825   Thumb Code    26  wlan.o(i.sl_WlanSetMode)
    spi_Close                                0x00003845   Thumb Code    10  spi.o(i.spi_Close)
    spi_Open                                 0x00003851   Thumb Code   198  spi.o(i.spi_Open)
    spi_Read                                 0x00003941   Thumb Code    78  spi.o(i.spi_Read)
    spi_Write                                0x00003999   Thumb Code    76  spi.o(i.spi_Write)
    _SlStopCmdCtrl                           0x00003ac8   Data           4  device.o(.constdata)
    _SlEventMaskSetCmdCtrl                   0x00003acc   Data           4  device.o(.constdata)
    _SlEventMaskGetCmdCtrl                   0x00003ad0   Data           4  device.o(.constdata)
    _SlDeviceGetCmdCtrl                      0x00003ad4   Data           4  device.o(.constdata)
    _SlDeviceSetCmdCtrl                      0x00003ad8   Data           4  device.o(.constdata)
    g_H2NSyncPattern                         0x00003adc   Data           8  driver.o(.constdata)
    g_H2NCnysPattern                         0x00003ae4   Data           8  driver.o(.constdata)
    _SlActionLookupTable                     0x00003aec   Data          56  driver.o(.constdata)
    _SlNetAppStartCtrl                       0x00003b24   Data           4  netapp.o(.constdata)
    _SlNetAppStopCtrl                        0x00003b28   Data           4  netapp.o(.constdata)
    _SlGetServiceListeCtrl                   0x00003b2c   Data           4  netapp.o(.constdata)
    _SlRegisterServiceCtrl                   0x00003b30   Data           4  netapp.o(.constdata)
    _SlGetHostByServiceCtrl                  0x00003b34   Data           4  netapp.o(.constdata)
    _SlGetHostByNameCtrl                     0x00003b38   Data           4  netapp.o(.constdata)
    _SlNetAppSetCmdCtrl                      0x00003b3c   Data           4  netapp.o(.constdata)
    _SlNetAppSendTokenValueCmdCtrl           0x00003b40   Data           4  netapp.o(.constdata)
    _SlNetAppGetCmdCtrl                      0x00003b44   Data           4  netapp.o(.constdata)
    _SlNetCfgSetCmdCtrl                      0x00003b4c   Data           4  netcfg.o(.constdata)
    _SlNetCfgGetCmdCtrl                      0x00003b50   Data           4  netcfg.o(.constdata)
    _SlSockSocketCmdCtrl                     0x00003b54   Data           4  socket.o(.constdata)
    _SlSockCloseCmdCtrl                      0x00003b58   Data           4  socket.o(.constdata)
    _SlRecvfomCmdCtrl                        0x00003b5c   Data           4  socket.o(.constdata)
    _SlSendCmdCtrl                           0x00003b60   Data           4  socket.o(.constdata)
    _SlListenCmdCtrl                         0x00003b64   Data           4  socket.o(.constdata)
    _SlAcceptCmdCtrl                         0x00003b68   Data           4  socket.o(.constdata)
    _SlRecvCmdCtrl                           0x00003b6c   Data           4  socket.o(.constdata)
    _SlSetSockOptCmdCtrl                     0x00003b70   Data           4  socket.o(.constdata)
    _SlGetSockOptCmdCtrl                     0x00003b74   Data           4  socket.o(.constdata)
    _SlSelectCmdCtrl                         0x00003b78   Data           4  socket.o(.constdata)
    _SlPolicySetCmdCtrl                      0x00003b84   Data           4  wlan.o(.constdata)
    _SlPolicyGetCmdCtrl                      0x00003b88   Data           4  wlan.o(.constdata)
    _SlProfileGetCmdCtrl                     0x00003b8c   Data           4  wlan.o(.constdata)
    _SlProfileDelCmdCtrl                     0x00003b90   Data           4  wlan.o(.constdata)
    _SlWlanGetNetworkListCtrl                0x00003b94   Data           4  wlan.o(.constdata)
    _SlRxFilterAddtCmdCtrl                   0x00003b98   Data           4  wlan.o(.constdata)
    _SlRxFilterSetCmdCtrl                    0x00003b9c   Data           4  wlan.o(.constdata)
    _SlRxFilterGetCmdCtrl                    0x00003ba0   Data           4  wlan.o(.constdata)
    _SlSmartConfigStartCmdCtrl               0x00003ba4   Data           4  wlan.o(.constdata)
    _SlWlanSetModeCmdCtrl                    0x00003ba8   Data           4  wlan.o(.constdata)
    _SlWlanCfgSetCmdCtrl                     0x00003bac   Data           4  wlan.o(.constdata)
    _SlWlanCfgGetCmdCtrl                     0x00003bb0   Data           4  wlan.o(.constdata)
    dBfs                                     0x000041c2   Data         512  st7735.o(.constdata)
    Region$$Table$$Base                      0x000048b8   Number         0  anon$$obj.o(Region$$Table)
    Region$$Table$$Limit                     0x000048d8   Number         0  anon$$obj.o(Region$$Table)
    IntIsMasked                              0x20000000   Data           1  board.o(.data)
    pIrqEventHandler                         0x20000004   Data           4  board.o(.data)
    g_pCB                                    0x20000008   Data           4  driver.o(.data)
    pPingCallBackFunc                        0x2000000c   Data           4  driver.o(.data)
    StTextColor                              0x20000030   Data           2  st7735.o(.data)
    StX                                      0x20000038   Data           4  st7735.o(.data)
    StY                                      0x2000003c   Data           4  st7735.o(.data)
    lastj                                    0x20000040   Data           4  st7735.o(.data)
    Messageindex                             0x20000044   Data           4  st7735.o(.data)
    Ymax                                     0x20000048   Data           4  st7735.o(.data)
    Ymin                                     0x2000004c   Data           4  st7735.o(.data)
    X                                        0x20000050   Data           4  st7735.o(.data)
    Yrange                                   0x20000054   Data           4  st7735.o(.data)
    g_Status                                 0x20000058   Data           4  cc3100.o(.data)
    DestinationIP                            0x2000005c   Data           4  cc3100.o(.data)
    SockID                                   0x20000060   Data           4  cc3100.o(.data)
    tempnum                                  0x20000064   Data           6  cc3100.o(.data)
    g_StatMem                                0x2000006c   Data         356  driver.o(.bss)
    g__SlNonOsCB                             0x200001d0   Data          40  nonos.o(.bss)
    Message                                  0x20000678   Data          12  st7735.o(.bss)
    Recvbuff                                 0x20000684   Data        1024  cc3100.o(.bss)
    SendBuff                                 0x20000a84   Data         512  cc3100.o(.bss)
    HostName                                 0x20000c84   Data          40  cc3100.o(.bss)
    __initial_sp                             0x20004cb0   Data           0  startup_rvmdk.o(STACK)



==============================================================================

Memory Map of the image

  Image Entry point : 0x0000026d

  Load Region LR_IROM (Base: 0x00000000, Size: 0x00004944, Max: 0x00040000, ABSOLUTE)

    Execution Region ER_IROM (Base: 0x00000000, Size: 0x000048d8, Max: 0x00040000, ABSOLUTE)

    Base Addr    Size         Type   Attr      Idx    E Section Name        Object

    0x00000000   0x00000288   Code   RO         1087  * RESET               startup_rvmdk.o
    0x00000288   0x00000000   Code   RO         3161  * .ARM.Collect$$$$00000000  mc_w.l(entry.o)
    0x00000288   0x00000004   Code   RO         3174    .ARM.Collect$$$$00000001  mc_w.l(entry2.o)
    0x0000028c   0x00000004   Code   RO         3177    .ARM.Collect$$$$00000004  mc_w.l(entry5.o)
    0x00000290   0x00000000   Code   RO         3179    .ARM.Collect$$$$00000008  mc_w.l(entry7b.o)
    0x00000290   0x00000000   Code   RO         3181    .ARM.Collect$$$$0000000A  mc_w.l(entry8b.o)
    0x00000290   0x00000008   Code   RO         3182    .ARM.Collect$$$$0000000B  mc_w.l(entry9a.o)
    0x00000298   0x00000000   Code   RO         3184    .ARM.Collect$$$$0000000D  mc_w.l(entry10a.o)
    0x00000298   0x00000000   Code   RO         3186    .ARM.Collect$$$$0000000F  mc_w.l(entry11a.o)
    0x00000298   0x00000004   Code   RO         3175    .ARM.Collect$$$$00002712  mc_w.l(entry2.o)
    0x0000029c   0x00000006   Code   RO         2520    .emb_text           driverlib.lib(sysctl.o)
    0x000002a2   0x00000002   PAD
    0x000002a4   0x00000026   Code   RO         3151    .emb_text           driverlib.lib(cpu.o)
    0x000002ca   0x00000024   Code   RO         3164    .text               mc_w.l(memcpya.o)
    0x000002ee   0x00000024   Code   RO         3166    .text               mc_w.l(memseta.o)
    0x00000312   0x0000000e   Code   RO         3168    .text               mc_w.l(strlen.o)
    0x00000320   0x00000012   Code   RO         3170    .text               mc_w.l(strcpy.o)
    0x00000332   0x00000002   PAD
    0x00000334   0x00000024   Code   RO         3188    .text               mc_w.l(init.o)
    0x00000358   0x0000001c   Code   RO         1458    i.ADC0_InSeq1       adcswtrigger.o
    0x00000374   0x000000a8   Code   RO         1459    i.ADC0_InitSWTriggerSeq1_Ch9  adcswtrigger.o
    0x0000041c   0x00000014   Code   RO          305    i.Board_Input       led.o
    0x00000430   0x0000000c   Code   RO          116    i.CC3100_InterruptDisable  board.o
    0x0000043c   0x0000000c   Code   RO          117    i.CC3100_InterruptEnable  board.o
    0x00000448   0x00000010   Code   RO          118    i.CC3100_disable    board.o
    0x00000458   0x00000010   Code   RO          119    i.CC3100_enable     board.o
    0x00000468   0x0000001a   Code   RO          710    i.CopyPingResultsToReport  netapp.o
    0x00000482   0x00000012   Code   RO         1748    i.Crash             cc3100.o
    0x00000494   0x0000001a   Code   RO         1476    i.Delay1ms          st7735.o
    0x000004ae   0x00000002   PAD
    0x000004b0   0x00000010   Code   RO         1870    i.FPUEnable         driverlib.lib(fpu.o)
    0x000004c0   0x00000010   Code   RO         1873    i.FPULazyStackingEnable  driverlib.lib(fpu.o)
    0x000004d0   0x00000034   Code   RO          121    i.GPIOB_intHandler  board.o
    0x00000504   0x00000028   Code   RO         1943    i.GPIODirModeSet    driverlib.lib(gpio.o)
    0x0000052c   0x00000006   Code   RO         1944    i.GPIOIntClear      driverlib.lib(gpio.o)
    0x00000532   0x0000000e   Code   RO         1945    i.GPIOIntDisable    driverlib.lib(gpio.o)
    0x00000540   0x0000000e   Code   RO         1946    i.GPIOIntEnable     driverlib.lib(gpio.o)
    0x0000054e   0x0000000e   Code   RO         1948    i.GPIOIntStatus     driverlib.lib(gpio.o)
    0x0000055c   0x00000050   Code   RO         1950    i.GPIOIntTypeSet    driverlib.lib(gpio.o)
    0x000005ac   0x0000013a   Code   RO         1953    i.GPIOPadConfigSet  driverlib.lib(gpio.o)
    0x000006e6   0x00000002   PAD
    0x000006e8   0x00000048   Code   RO         1954    i.GPIOPinConfigure  driverlib.lib(gpio.o)
    0x00000730   0x0000001c   Code   RO         1963    i.GPIOPinTypeGPIOInput  driverlib.lib(gpio.o)
    0x0000074c   0x0000001c   Code   RO         1964    i.GPIOPinTypeGPIOOutput  driverlib.lib(gpio.o)
    0x00000768   0x0000001c   Code   RO         1977    i.GPIOPinTypeSSI    driverlib.lib(gpio.o)
    0x00000784   0x00000006   Code   RO         1985    i.GPIOPinWrite      driverlib.lib(gpio.o)
    0x0000078a   0x00000044   Code   RO          365    i.GetStartResponseConvert  device.o
    0x000007ce   0x00000002   PAD
    0x000007d0   0x00000064   Code   RO         2256    i.IntEnable         driverlib.lib(interrupt.o)
    0x00000834   0x0000000e   Code   RO         2259    i.IntMasterEnable   driverlib.lib(interrupt.o)
    0x00000842   0x00000010   Code   RO         1219    i.IsBufferEmpty     uartstdio.o
    0x00000852   0x0000001a   Code   RO         1220    i.IsBufferFull      uartstdio.o
    0x0000086c   0x0000000c   Code   RO          307    i.LED_GreenOff      led.o
    0x00000878   0x0000000c   Code   RO          308    i.LED_GreenOn       led.o
    0x00000884   0x00000064   Code   RO          310    i.LED_Init          led.o
    0x000008e8   0x00000010   Code   RO          313    i.LED_RedToggle     led.o
    0x000008f8   0x0000004a   Code   RO         2376    i.SSIConfigSetExpClk  driverlib.lib(ssi.o)
    0x00000942   0x00000014   Code   RO         2380    i.SSIDataGetNonBlocking  driverlib.lib(ssi.o)
    0x00000956   0x00000010   Code   RO         2382    i.SSIDataPutNonBlocking  driverlib.lib(ssi.o)
    0x00000966   0x0000000a   Code   RO         2384    i.SSIEnable         driverlib.lib(ssi.o)
    0x00000970   0x000000bc   Code   RO         1485    i.ST7735_DrawCharS  st7735.o
    0x00000a2c   0x0000003c   Code   RO         1488    i.ST7735_DrawPixel  st7735.o
    0x00000a68   0x00000052   Code   RO         1489    i.ST7735_DrawString  st7735.o
    0x00000aba   0x00000002   PAD
    0x00000abc   0x00000078   Code   RO         1490    i.ST7735_FillRect   st7735.o
    0x00000b34   0x0000001c   Code   RO         1491    i.ST7735_FillScreen  st7735.o
    0x00000b50   0x00000068   Code   RO         1493    i.ST7735_InitR      st7735.o
    0x00000bb8   0x000000a4   Code   RO         1495    i.ST7735_OutChar    st7735.o
    0x00000c5c   0x00000014   Code   RO         1496    i.ST7735_OutString  st7735.o
    0x00000c70   0x00000058   Code   RO         1497    i.ST7735_OutUDec    st7735.o
    0x00000cc8   0x00000014   Code   RO         1506    i.ST7735_SetCursor  st7735.o
    0x00000cdc   0x00000064   Code   RO         1510    i.ST7735_sDecOut3   st7735.o
    0x00000d40   0x00000002   Code   RO         1750    i.SimpleLinkHttpServerCallback  cc3100.o
    0x00000d42   0x00000002   PAD
    0x00000d44   0x00000018   Code   RO         1751    i.SimpleLinkNetAppEventHandler  cc3100.o
    0x00000d5c   0x00000020   Code   RO         1753    i.SimpleLinkWlanEventHandler  cc3100.o
    0x00000d7c   0x00000164   Code   RO         2523    i.SysCtlClockGet    driverlib.lib(sysctl.o)
    0x00000ee0   0x00000120   Code   RO         2525    i.SysCtlClockSet    driverlib.lib(sysctl.o)
    0x00001000   0x00000028   Code   RO         2554    i.SysCtlPeripheralEnable  driverlib.lib(sysctl.o)
    0x00001028   0x00000078   Code   RO         1226    i.UARTPrimeTransmit  uartstdio.o
    0x000010a0   0x00000108   Code   RO         1229    i.UARTStdioIntHandler  uartstdio.o
    0x000011a8   0x00000090   Code   RO         1235    i.UARTwrite         uartstdio.o
    0x00001238   0x000002e0   Code   RO          489    i._SlAsyncEventGenericHandler  driver.o
    0x00001518   0x00000028   Code   RO          490    i._SlDrvBasicCmd    driver.o
    0x00001540   0x00000088   Code   RO          491    i._SlDrvClassifyRxMsg  driver.o
    0x000015c8   0x00000054   Code   RO          492    i._SlDrvCmdOp       driver.o
    0x0000161c   0x0000001c   Code   RO          493    i._SlDrvCmdSend     driver.o
    0x00001638   0x00000150   Code   RO          494    i._SlDrvDataReadOp  driver.o
    0x00001788   0x00000114   Code   RO          495    i._SlDrvDataWriteOp  driver.o
    0x0000189c   0x0000001a   Code   RO          366    i._SlDrvDeviceEventHandler  device.o
    0x000018b6   0x00000002   PAD
    0x000018b8   0x00000060   Code   RO          496    i._SlDrvDriverCBDeinit  driver.o
    0x00001918   0x00000090   Code   RO          497    i._SlDrvDriverCBInit  driver.o
    0x000019a8   0x0000002c   Code   RO          635    i._SlDrvFlowContDeinit  flowcont.o
    0x000019d4   0x00000030   Code   RO          636    i._SlDrvFlowContInit  flowcont.o
    0x00001a04   0x0000034c   Code   RO          498    i._SlDrvMsgRead     driver.o
    0x00001d50   0x000000a4   Code   RO          499    i._SlDrvMsgReadCmdCtx  driver.o
    0x00001df4   0x00000088   Code   RO          500    i._SlDrvMsgReadSpawnCtx  driver.o
    0x00001e7c   0x000000f0   Code   RO          501    i._SlDrvMsgWrite    driver.o
    0x00001f6c   0x000000c6   Code   RO          711    i._SlDrvNetAppEventHandler  netapp.o
    0x00002032   0x00000002   PAD
    0x00002034   0x00000018   Code   RO          502    i._SlDrvObjDeInit   driver.o
    0x0000204c   0x0000003c   Code   RO          503    i._SlDrvObjInit     driver.o
    0x00002088   0x000000e4   Code   RO          504    i._SlDrvReleasePoolObj  driver.o
    0x0000216c   0x0000012c   Code   RO          505    i._SlDrvRxHdrRead   driver.o
    0x00002298   0x0000003c   Code   RO          506    i._SlDrvRxIrqHandler  driver.o
    0x000022d4   0x00000016   Code   RO          507    i._SlDrvShiftDWord  driver.o
    0x000022ea   0x00000002   PAD
    0x000022ec   0x00000104   Code   RO          508    i._SlDrvWaitForPoolObj  driver.o
    0x000023f0   0x00000094   Code   RO          509    i._SlFindAndSetActiveObj  driver.o
    0x00002484   0x00000040   Code   RO          848    i._SlNonOsMainLoopTask  nonos.o
    0x000024c4   0x00000032   Code   RO          849    i._SlNonOsSemGet    nonos.o
    0x000024f6   0x00000006   Code   RO          850    i._SlNonOsSemSet    nonos.o
    0x000024fc   0x00000024   Code   RO          851    i._SlNonOsSpawn     nonos.o
    0x00002520   0x00000058   Code   RO          510    i._SlRemoveFromList  driver.o
    0x00002578   0x0000000e   Code   RO         3192    i.__scatterload_copy  mc_w.l(handlers.o)
    0x00002586   0x00000002   Code   RO         3193    i.__scatterload_null  mc_w.l(handlers.o)
    0x00002588   0x0000000e   Code   RO         3194    i.__scatterload_zeroinit  mc_w.l(handlers.o)
    0x00002596   0x00000026   Code   RO          885    i._sl_BuildAddress  socket.o
    0x000025bc   0x00000074   Code   RO          886    i._sl_HandleAsync_Accept  socket.o
    0x00002630   0x0000007c   Code   RO          887    i._sl_HandleAsync_Connect  socket.o
    0x000026ac   0x00000074   Code   RO          713    i._sl_HandleAsync_DnsGetHostByName  netapp.o
    0x00002720   0x0000006c   Code   RO          714    i._sl_HandleAsync_DnsGetHostByService  netapp.o
    0x0000278c   0x00000084   Code   RO          367    i._sl_HandleAsync_InitComplete  device.o
    0x00002810   0x00000080   Code   RO          715    i._sl_HandleAsync_PingResponse  netapp.o
    0x00002890   0x00000064   Code   RO          888    i._sl_HandleAsync_Select  socket.o
    0x000028f4   0x00000060   Code   RO          368    i._sl_HandleAsync_Stop  device.o
    0x00002954   0x00000054   Code   RO          890    i._sl_TruncatePayloadByProtocol  socket.o
    0x000029a8   0x00000052   Code   RO         1511    i.commandList       st7735.o
    0x000029fa   0x00000002   PAD
    0x000029fc   0x00000138   Code   RO         1512    i.commonInit        st7735.o
    0x00002b34   0x00000110   Code   RO         1754    i.configureSimpleLinkToDefaultState  cc3100.o
    0x00002c44   0x00000034   Code   RO         1515    i.fillmessage       st7735.o
    0x00002c78   0x0000008c   Code   RO         1755    i.getConnected      cc3100.o
    0x00002d04   0x00000018   Code   RO          125    i.initClk           board.o
    0x00002d1c   0x00000064   Code   RO            2    i.main              main.o
    0x00002d80   0x0000006c   Code   RO         1756    i.packetParse       cc3100.o
    0x00002dec   0x00000014   Code   RO         1517    i.pushColor         st7735.o
    0x00002e00   0x0000000c   Code   RO          126    i.registerInterruptHandler  board.o
    0x00002e0c   0x00000100   Code   RO         1758    i.sendRequest       cc3100.o
    0x00002f0c   0x0000006c   Code   RO         1518    i.setAddrWindow     st7735.o
    0x00002f78   0x00000020   Code   RO          893    i.sl_Close          socket.o
    0x00002f98   0x000000ec   Code   RO          894    i.sl_Connect        socket.o
    0x00003084   0x00000070   Code   RO          369    i.sl_DevGet         device.o
    0x000030f4   0x00000028   Code   RO          896    i.sl_Htonl          socket.o
    0x0000311c   0x00000030   Code   RO          897    i.sl_Htons          socket.o
    0x0000314c   0x000000d8   Code   RO          716    i.sl_NetAppDnsGetHostByName  netapp.o
    0x00003224   0x0000007c   Code   RO          721    i.sl_NetAppMDNSRegisterUnregisterService  netapp.o
    0x000032a0   0x00000012   Code   RO          722    i.sl_NetAppMDNSUnRegisterService  netapp.o
    0x000032b2   0x00000002   PAD
    0x000032b4   0x00000050   Code   RO          724    i.sl_NetAppSendTokenValue  netapp.o
    0x00003304   0x00000040   Code   RO          828    i.sl_NetCfgSet      netcfg.o
    0x00003344   0x00000040   Code   RO          899    i.sl_Recv           socket.o
    0x00003384   0x000000ac   Code   RO          902    i.sl_Send           socket.o
    0x00003430   0x00000030   Code   RO          905    i.sl_Socket         socket.o
    0x00003460   0x000000b8   Code   RO          373    i.sl_Start          device.o
    0x00003518   0x000000c8   Code   RO          374    i.sl_Stop           device.o
    0x000035e0   0x000001a4   Code   RO         1095    i.sl_WlanConnect    wlan.o
    0x00003784   0x00000008   Code   RO         1096    i.sl_WlanDisconnect  wlan.o
    0x0000378c   0x00000038   Code   RO         1100    i.sl_WlanPolicySet  wlan.o
    0x000037c4   0x00000020   Code   RO         1102    i.sl_WlanProfileDel  wlan.o
    0x000037e4   0x00000040   Code   RO         1110    i.sl_WlanSet        wlan.o
    0x00003824   0x00000020   Code   RO         1111    i.sl_WlanSetMode    wlan.o
    0x00003844   0x0000000a   Code   RO         1046    i.spi_Close         spi.o
    0x0000384e   0x00000002   PAD
    0x00003850   0x000000f0   Code   RO         1047    i.spi_Open          spi.o
    0x00003940   0x00000058   Code   RO         1048    i.spi_Read          spi.o
    0x00003998   0x00000054   Code   RO         1049    i.spi_Write         spi.o
    0x000039ec   0x00000020   Code   RO         1519    i.writecommand      st7735.o
    0x00003a0c   0x0000001c   Code   RO         1520    i.writedata         st7735.o
    0x00003a28   0x000000a0   Data   RO            3    .constdata          main.o
    0x00003ac8   0x00000014   Data   RO          376    .constdata          device.o
    0x00003adc   0x00000048   Data   RO          512    .constdata          driver.o
    0x00003b24   0x00000028   Data   RO          728    .constdata          netapp.o
    0x00003b4c   0x00000008   Data   RO          829    .constdata          netcfg.o
    0x00003b54   0x00000030   Data   RO          906    .constdata          socket.o
    0x00003b84   0x00000034   Data   RO         1114    .constdata          wlan.o
    0x00003bb8   0x00000028   Data   RO         1237    .constdata          uartstdio.o
    0x00003be0   0x000007e2   Data   RO         1522    .constdata          st7735.o
    0x000043c2   0x00000002   PAD
    0x000043c4   0x00000210   Data   RO         1986    .constdata          driverlib.lib(gpio.o)
    0x000045d4   0x0000010c   Data   RO         2272    .constdata          driverlib.lib(interrupt.o)
    0x000046e0   0x000001c4   Data   RO         2575    .constdata          driverlib.lib(sysctl.o)
    0x000048a4   0x00000011   Data   RO         1238    .conststring        uartstdio.o
    0x000048b5   0x00000003   PAD
    0x000048b8   0x00000020   Data   RO         3190    Region$$Table       anon$$obj.o


    Execution Region RW_IRAM (Base: 0x20000000, Size: 0x00004cb0, Max: 0x00008000, ABSOLUTE)

    Base Addr    Size         Type   Attr      Idx    E Section Name        Object

    0x20000000   0x00000008   Data   RW          128    .data               board.o
    0x20000008   0x00000004   Data   RW          513    .data               driver.o
    0x2000000c   0x00000004   Data   RW          514    .data               driver.o
    0x20000010   0x0000001c   Data   RW         1239    .data               uartstdio.o
    0x2000002c   0x0000002c   Data   RW         1523    .data               st7735.o
    0x20000058   0x00000012   Data   RW         1760    .data               cc3100.o
    0x2000006a   0x00000002   PAD
    0x2000006c   0x00000164   Zero   RW          511    .bss                driver.o
    0x200001d0   0x00000028   Zero   RW          852    .bss                nonos.o
    0x200001f8   0x00000480   Zero   RW         1236    .bss                uartstdio.o
    0x20000678   0x0000000c   Zero   RW         1521    .bss                st7735.o
    0x20000684   0x00000628   Zero   RW         1759    .bss                cc3100.o
    0x20000cac   0x00000004   PAD
    0x20000cb0   0x00004000   Zero   RW         1085    STACK               startup_rvmdk.o


==============================================================================

Image component sizes


      Code (inc. data)   RO Data    RW Data    ZI Data      Debug   Object Name

       196         28          0          0          0        931   adcswtrigger.o
       144         36          0          8          0       3619   board.o
       852        124          0         18       1576      19097   cc3100.o
       818         48         20          0          0      73521   device.o
      4450        156         72          8        356      22001   driver.o
        92         10          0          0          0       1080   flowcont.o
       160         38          0          0          0       1914   led.o
       100         46        160          0          0      26027   main.o
      1014         46         40          0          0       9578   netapp.o
        64          6          8          0          0       1433   netcfg.o
         0          0          0          0          0       2768   nokia5110.o
       156         16          0          0         40       3124   nonos.o
      1102         68         48          0          0       9753   socket.o
       422         60          0          0          0       2402   spi.o
      1634        148       2018         44         12      13198   st7735.o
       648        622          0          0      16384        220   startup_rvmdk.o
       570         38         57         28       1152       5220   uartstdio.o
       612         26         52          0          0       6498   wlan.o

    ----------------------------------------------------------------------
     13054       1516       2512        108      19524     202384   Object Totals
         0          0         32          0          0          0   (incl. Generated)
        20          0          5          2          4          0   (incl. Padding)

    ----------------------------------------------------------------------

      Code (inc. data)   RO Data    RW Data    ZI Data      Debug   Library Member Name

        38          0          0          0          0        504   cpu.o
        32          8          0          0          0        780   fpu.o
       644          8        528          0          0       6811   gpio.o
       114          8        268          0          0       1774   interrupt.o
       120          0          0          0          0       2749   ssi.o
       690         64        452          0          0       3951   sysctl.o
         0          0          0          0          0          0   entry.o
         0          0          0          0          0          0   entry10a.o
         0          0          0          0          0          0   entry11a.o
         8          4          0          0          0          0   entry2.o
         4          0          0          0          0          0   entry5.o
         0          0          0          0          0          0   entry7b.o
         0          0          0          0          0          0   entry8b.o
         8          4          0          0          0          0   entry9a.o
        30          0          0          0          0          0   handlers.o
        36          8          0          0          0         68   init.o
        36          0          0          0          0         68   memcpya.o
        36          0          0          0          0        108   memseta.o
        18          0          0          0          0         68   strcpy.o
        14          0          0          0          0         68   strlen.o

    ----------------------------------------------------------------------
      1834        104       1248          0          0      16949   Library Totals
         6          0          0          0          0          0   (incl. Padding)

    ----------------------------------------------------------------------

      Code (inc. data)   RO Data    RW Data    ZI Data      Debug   Library Name

      1638         88       1248          0          0      16569   driverlib.lib
       190         16          0          0          0        380   mc_w.l

    ----------------------------------------------------------------------
      1834        104       1248          0          0      16949   Library Totals

    ----------------------------------------------------------------------

==============================================================================


      Code (inc. data)   RO Data    RW Data    ZI Data      Debug   

     14888       1620       3760        108      19524     206229   Grand Totals
     14888       1620       3760        108      19524     206229   ELF Image Totals
     14888       1620       3760        108          0          0   ROM Totals

==============================================================================

    Total RO  Size (Code + RO Data)                18648 (  18.21kB)
    Total RW  Size (RW Data + ZI Data)             19632 (  19.17kB)
    Total ROM Size (Code + RO Data + RW Data)      18756 (  18.32kB)

==============================================================================

